Component: ARM Compiler 5.05 update 1 (build 106) Tool: armlink [4d0efa]

==============================================================================

Section Cross References

    system_stm32f10x.o(i.SetSysClock) refers to system_stm32f10x.o(i.SetSysClockTo72) for SetSysClockTo72
    system_stm32f10x.o(i.SystemCoreClockUpdate) refers to system_stm32f10x.o(.data) for SystemCoreClock
    system_stm32f10x.o(i.SystemInit) refers to system_stm32f10x.o(i.SetSysClock) for SetSysClock
    startup_stm32f10x_md.o(RESET) refers to startup_stm32f10x_md.o(STACK) for __initial_sp
    startup_stm32f10x_md.o(RESET) refers to startup_stm32f10x_md.o(.text) for Reset_Handler
    startup_stm32f10x_md.o(RESET) refers to stm32f10x_it.o(i.NMI_Handler) for NMI_Handler
    startup_stm32f10x_md.o(RESET) refers to stm32f10x_it.o(i.HardFault_Handler) for HardFault_Handler
    startup_stm32f10x_md.o(RESET) refers to stm32f10x_it.o(i.MemManage_Handler) for MemManage_Handler
    startup_stm32f10x_md.o(RESET) refers to stm32f10x_it.o(i.BusFault_Handler) for BusFault_Handler
    startup_stm32f10x_md.o(RESET) refers to stm32f10x_it.o(i.UsageFault_Handler) for UsageFault_Handler
    startup_stm32f10x_md.o(RESET) refers to stm32f10x_it.o(i.SVC_Handler) for SVC_Handler
    startup_stm32f10x_md.o(RESET) refers to stm32f10x_it.o(i.DebugMon_Handler) for DebugMon_Handler
    startup_stm32f10x_md.o(RESET) refers to stm32f10x_it.o(i.PendSV_Handler) for PendSV_Handler
    startup_stm32f10x_md.o(RESET) refers to stm32f10x_it.o(i.SysTick_Handler) for SysTick_Handler
    startup_stm32f10x_md.o(RESET) refers to stm32f10x_it.o(i.USB_LP_CAN1_RX0_IRQHandler) for USB_LP_CAN1_RX0_IRQHandler
    startup_stm32f10x_md.o(RESET) refers to scheduler.o(i.TIM3_IRQHandler) for TIM3_IRQHandler
    startup_stm32f10x_md.o(RESET) refers to ano_dt.o(i.USART3_IRQHandler) for USART3_IRQHandler
    startup_stm32f10x_md.o(.text) refers to system_stm32f10x.o(i.SystemInit) for SystemInit
    startup_stm32f10x_md.o(.text) refers to entry.o(.ARM.Collect$$$$00000000) for __main
    stm32f10x_it.o(i.SysTick_Handler) refers to init.o(.data) for SysTick_count
    stm32f10x_it.o(i.USB_LP_CAN1_RX0_IRQHandler) refers to usb_istr.o(i.USB_Istr) for USB_Istr
    main.o(i.main) refers to delay.o(i.cycleCounterInit) for cycleCounterInit
    main.o(i.main) refers to misc.o(i.NVIC_PriorityGroupConfig) for NVIC_PriorityGroupConfig
    main.o(i.main) refers to init.o(i.ALL_Init) for ALL_Init
    main.o(i.main) refers to led.o(i.PilotLED) for PilotLED
    main.o(i.main) refers to ano_dt.o(i.ANTO_polling) for ANTO_polling
    main.o(i.main) refers to system_stm32f10x.o(.data) for SystemCoreClock
    delay.o(i.GetSysTime_us) refers to init.o(.data) for SysTick_count
    delay.o(i.GetSysTime_us) refers to delay.o(.data) for usTicks
    delay.o(i.cycleCounterInit) refers to stm32f10x_rcc.o(i.RCC_GetClocksFreq) for RCC_GetClocksFreq
    delay.o(i.cycleCounterInit) refers to delay.o(.data) for usTicks
    delay.o(i.delay_ms) refers to delay.o(i.GetSysTime_us) for GetSysTime_us
    init.o(i.ALL_Init) refers to usb_hid.o(i.USB_HID_Init) for USB_HID_Init
    init.o(i.ALL_Init) refers to init.o(i.pid_param_Init) for pid_param_Init
    init.o(i.ALL_Init) refers to delay.o(i.delay_ms) for delay_ms
    init.o(i.ALL_Init) refers to led.o(i.LEDInit) for LEDInit
    init.o(i.ALL_Init) refers to iic_software.o(i.IIC_Init) for IIC_Init
    init.o(i.ALL_Init) refers to mpu6050.o(i.MpuInit) for MpuInit
    init.o(i.ALL_Init) refers to nrf24l01.o(i.NRF24L01_init) for NRF24L01_init
    init.o(i.ALL_Init) refers to tim.o(i.TIM2_PWM_Config) for TIM2_PWM_Config
    init.o(i.ALL_Init) refers to tim.o(i.TIM3_Config) for TIM3_Config
    init.o(i.pid_param_Init) refers to init.o(.bss) for pidRateX
    scheduler.o(i.TIM3_IRQHandler) refers to stm32f10x_tim.o(i.TIM_GetITStatus) for TIM_GetITStatus
    scheduler.o(i.TIM3_IRQHandler) refers to mpu6050.o(i.MpuGetData) for MpuGetData
    scheduler.o(i.TIM3_IRQHandler) refers to remote.o(i.RC_Analy) for RC_Analy
    scheduler.o(i.TIM3_IRQHandler) refers to control.o(i.FlightPidControl) for FlightPidControl
    scheduler.o(i.TIM3_IRQHandler) refers to control.o(i.MotorControl) for MotorControl
    scheduler.o(i.TIM3_IRQHandler) refers to imu.o(i.GetAngle) for GetAngle
    scheduler.o(i.TIM3_IRQHandler) refers to stm32f10x_tim.o(i.TIM_ClearITPendingBit) for TIM_ClearITPendingBit
    scheduler.o(i.TIM3_IRQHandler) refers to init.o(.data) for SysTick_count
    scheduler.o(i.TIM3_IRQHandler) refers to scheduler.o(.data) for cnt_3ms
    scheduler.o(i.TIM3_IRQHandler) refers to init.o(.bss) for Angle
    stm32f10x_adc.o(i.ADC_DeInit) refers to stm32f10x_rcc.o(i.RCC_APB2PeriphResetCmd) for RCC_APB2PeriphResetCmd
    stm32f10x_bkp.o(i.BKP_DeInit) refers to stm32f10x_rcc.o(i.RCC_BackupResetCmd) for RCC_BackupResetCmd
[...]
    i.ANO_Recive                             0x080009c0   Section        0  ano_dt.o(i.ANO_Recive)
    i.ANTO_Send                              0x08000a9c   Section        0  ano_dt.o(i.ANTO_Send)
    ANTO_Send                                0x08000a9d   Thumb Code   668  ano_dt.o(i.ANTO_Send)
    i.ANTO_polling                           0x08000d68   Section        0  ano_dt.o(i.ANTO_polling)
    i.BusFault_Handler                       0x08000fb8   Section        0  stm32f10x_it.o(i.BusFault_Handler)
    i.ByteSwap                               0x08000fbc   Section        0  usb_regs.o(i.ByteSwap)
    i.CTR_LP                                 0x08000fc8   Section        0  usb_int.o(i.CTR_LP)
    i.CascadePID                             0x080012f0   Section        0  pid.o(i.CascadePID)
    i.ClearDTOG_RX                           0x08001310   Section        0  usb_regs.o(i.ClearDTOG_RX)
    i.ClearDTOG_TX                           0x08001344   Section        0  usb_regs.o(i.ClearDTOG_TX)
    i.Clear_Status_Out                       0x08001378   Section        0  usb_regs.o(i.Clear_Status_Out)
    i.CustomHID_Data_Setup                   0x08001398   Section        0  usb_prop.o(i.CustomHID_Data_Setup)
    i.CustomHID_GetConfigDescriptor          0x08001414   Section        0  usb_prop.o(i.CustomHID_GetConfigDescriptor)
    i.CustomHID_GetDeviceDescriptor          0x08001428   Section        0  usb_prop.o(i.CustomHID_GetDeviceDescriptor)
    i.CustomHID_GetHIDDescriptor             0x0800143c   Section        0  usb_prop.o(i.CustomHID_GetHIDDescriptor)
    i.CustomHID_GetProtocolValue             0x08001450   Section        0  usb_prop.o(i.CustomHID_GetProtocolValue)
    i.CustomHID_GetReportDescriptor          0x0800146c   Section        0  usb_prop.o(i.CustomHID_GetReportDescriptor)
    i.CustomHID_GetStringDescriptor          0x08001480   Section        0  usb_prop.o(i.CustomHID_GetStringDescriptor)
    i.CustomHID_Get_Interface_Setting        0x080014a8   Section        0  usb_prop.o(i.CustomHID_Get_Interface_Setting)
    i.CustomHID_NoData_Setup                 0x080014c0   Section        0  usb_prop.o(i.CustomHID_NoData_Setup)
    i.CustomHID_Reset                        0x080014e4   Section        0  usb_prop.o(i.CustomHID_Reset)
    i.CustomHID_SetConfiguration             0x080015a4   Section        0  usb_prop.o(i.CustomHID_SetConfiguration)
    i.CustomHID_SetDeviceAddress             0x080015bc   Section        0  usb_prop.o(i.CustomHID_SetDeviceAddress)
    i.CustomHID_SetProtocol                  0x080015c8   Section        0  usb_prop.o(i.CustomHID_SetProtocol)
    i.CustomHID_Status_In                    0x080015e0   Section        0  usb_prop.o(i.CustomHID_Status_In)
    i.CustomHID_Status_Out                   0x080015e2   Section        0  usb_prop.o(i.CustomHID_Status_Out)
    i.CustomHID_init                         0x080015e4   Section        0  usb_prop.o(i.CustomHID_init)
    i.DataStageIn                            0x08001628   Section        0  usb_core.o(i.DataStageIn)
    DataStageIn                              0x08001629   Thumb Code   166  usb_core.o(i.DataStageIn)
    i.DataStageOut                           0x080016e8   Section        0  usb_core.o(i.DataStageOut)
    DataStageOut                             0x080016e9   Thumb Code   166  usb_core.o(i.DataStageOut)
    i.Data_Setup0                            0x080017a4   Section        0  usb_core.o(i.Data_Setup0)
    Data_Setup0                              0x080017a5   Thumb Code   628  usb_core.o(i.Data_Setup0)
    i.DebugMon_Handler                       0x08001a3c   Section        0  stm32f10x_it.o(i.DebugMon_Handler)
    i.EP1_OUT_Callback                       0x08001a40   Section        0  usb_endp.o(i.EP1_OUT_Callback)
    i.EP2_IN_Callback                        0x08001a64   Section        0  usb_endp.o(i.EP2_IN_Callback)
    i.Enter_LowPowerMode                     0x08001a7c   Section        0  usb_config.o(i.Enter_LowPowerMode)
    i.FLASH_read                             0x08001a88   Section        0  flash.o(i.FLASH_read)
    i.FlightPidControl                       0x08001ab8   Section        0  control.o(i.FlightPidControl)
    i.GPIO_Init                              0x08001c48   Section        0  stm32f10x_gpio.o(i.GPIO_Init)
    i.GPIO_PinRemapConfig                    0x08001d60   Section        0  stm32f10x_gpio.o(i.GPIO_PinRemapConfig)
    i.GPIO_ResetBits                         0x08001df0   Section        0  stm32f10x_gpio.o(i.GPIO_ResetBits)
    i.GPIO_SetBits                           0x08001df4   Section        0  stm32f10x_gpio.o(i.GPIO_SetBits)
    i.GetAngle                               0x08001df8   Section        0  imu.o(i.GetAngle)
    i.GetEPRxAddr                            0x08002544   Section        0  usb_regs.o(i.GetEPRxAddr)
    i.GetEPTxAddr                            0x08002564   Section        0  usb_regs.o(i.GetEPTxAddr)
    i.GetSysTime_us                          0x08002584   Section        0  delay.o(i.GetSysTime_us)
    i.Get_SerialNum                          0x080025c8   Section        0  usb_config.o(i.Get_SerialNum)
    i.HardFault_Handler                      0x08002610   Section        0  stm32f10x_it.o(i.HardFault_Handler)
    i.I2c_Ack                                0x08002614   Section        0  iic_software.o(i.I2c_Ack)
    I2c_Ack                                  0x08002615   Thumb Code   198  iic_software.o(i.I2c_Ack)
    i.I2c_NoAck                              0x080026e0   Section        0  iic_software.o(i.I2c_NoAck)
    I2c_NoAck                                0x080026e1   Thumb Code   200  iic_software.o(i.I2c_NoAck)
    i.I2c_ReadByte                           0x080027ac   Section        0  iic_software.o(i.I2c_ReadByte)
    I2c_ReadByte                             0x080027ad   Thumb Code   188  iic_software.o(i.I2c_ReadByte)
    i.I2c_SendByte                           0x0800286c   Section        0  iic_software.o(i.I2c_SendByte)
    I2c_SendByte                             0x0800286d   Thumb Code   186  iic_software.o(i.I2c_SendByte)
    i.I2c_Start                              0x0800292c   Section        0  iic_software.o(i.I2c_Start)
    I2c_Start                                0x0800292d   Thumb Code   144  iic_software.o(i.I2c_Start)
    i.I2c_Stop                               0x080029c0   Section        0  iic_software.o(i.I2c_Stop)
    I2c_Stop                                 0x080029c1   Thumb Code   152  iic_software.o(i.I2c_Stop)
    i.I2c_WaitAck                            0x08002a5c   Section        0  iic_software.o(i.I2c_WaitAck)
    I2c_WaitAck                              0x08002a5d   Thumb Code   176  iic_software.o(i.I2c_WaitAck)
    i.IIC_Init                               0x08002b10   Section        0  iic_software.o(i.IIC_Init)
    i.IIC_Read_One_Byte                      0x08002b3c   Section        0  iic_software.o(i.IIC_Read_One_Byte)
    i.IIC_Write_One_Byte                     0x08002ba0   Section        0  iic_software.o(i.IIC_Write_One_Byte)
    i.IIC_read_Bytes                         0x08002be4   Section        0  iic_software.o(i.IIC_read_Bytes)
    i.In0_Process                            0x08002c64   Section        0  usb_core.o(i.In0_Process)
    i.LEDInit                                0x08002cd4   Section        0  led.o(i.LEDInit)
    i.Leave_LowPowerMode                     0x08002d20   Section        0  usb_config.o(i.Leave_LowPowerMode)
    i.MemManage_Handler                      0x08002d40   Section        0  stm32f10x_it.o(i.MemManage_Handler)
    i.MotorControl                           0x08002d44   Section        0  control.o(i.MotorControl)
    i.MpuGetData                             0x08002ffc   Section        0  mpu6050.o(i.MpuGetData)
    i.MpuInit                                0x080030ec   Section        0  mpu6050.o(i.MpuInit)
    i.NMI_Handler                            0x08003170   Section        0  stm32f10x_it.o(i.NMI_Handler)
    i.NOP_Process                            0x08003172   Section        0  usb_core.o(i.NOP_Process)
    i.NRF24L01_Check                         0x08003174   Section        0  nrf24l01.o(i.NRF24L01_Check)
    i.NRF24L01_Configuration                 0x080031c0   Section        0  nrf24l01.o(i.NRF24L01_Configuration)
    i.NRF24L01_Read_Buf                      0x08003238   Section        0  nrf24l01.o(i.NRF24L01_Read_Buf)
    i.NRF24L01_Read_Reg                      0x08003278   Section        0  nrf24l01.o(i.NRF24L01_Read_Reg)
    i.NRF24L01_RxPacket                      0x080032a0   Section        0  nrf24l01.o(i.NRF24L01_RxPacket)
    i.NRF24L01_Write_Buf                     0x080032d4   Section        0  nrf24l01.o(i.NRF24L01_Write_Buf)
    i.NRF24L01_Write_Reg                     0x08003314   Section        0  nrf24l01.o(i.NRF24L01_Write_Reg)
    i.NRF24L01_init                          0x08003340   Section        0  nrf24l01.o(i.NRF24L01_init)
    i.NVIC_Init                              0x08003358   Section        0  misc.o(i.NVIC_Init)
    i.NVIC_PriorityGroupConfig               0x080033c8   Section        0  misc.o(i.NVIC_PriorityGroupConfig)
    i.NoData_Setup0                          0x080033dc   Section        0  usb_core.o(i.NoData_Setup0)
    NoData_Setup0                            0x080033dd   Thumb Code   302  usb_core.o(i.NoData_Setup0)
    i.Out0_Process                           0x08003520   Section        0  usb_core.o(i.Out0_Process)
    i.PMAToUserBufferCopy                    0x08003570   Section        0  usb_mem.o(i.PMAToUserBufferCopy)
    i.PendSV_Handler                         0x08003598   Section        0  stm32f10x_it.o(i.PendSV_Handler)
    i.PilotLED                               0x0800359c   Section        0  led.o(i.PilotLED)
    i.Post0_Process                          0x08003680   Section        0  usb_core.o(i.Post0_Process)
    i.PowerOn                                0x080036c8   Section        0  usb_pwr.o(i.PowerOn)
    i.Q_rsqrt                                0x08003708   Section        0  mymath.o(i.Q_rsqrt)
    i.RCC_APB1PeriphClockCmd                 0x08003758   Section        0  stm32f10x_rcc.o(i.RCC_APB1PeriphClockCmd)
    i.RCC_APB2PeriphClockCmd                 0x08003778   Section        0  stm32f10x_rcc.o(i.RCC_APB2PeriphClockCmd)
    i.RCC_GetClocksFreq                      0x08003798   Section        0  stm32f10x_rcc.o(i.RCC_GetClocksFreq)
    i.RCC_USBCLKConfig                       0x0800386c   Section        0  stm32f10x_rcc.o(i.RCC_USBCLKConfig)
    i.RC_Analy                               0x08003878   Section        0  remote.o(i.RC_Analy)
    i.RX_Mode                                0x08003a28   Section        0  nrf24l01.o(i.RX_Mode)
    i.Resume                                 0x08003a7c   Section        0  usb_pwr.o(i.Resume)
    i.Resume_Init                            0x08003b2c   Section        0  usb_pwr.o(i.Resume_Init)
    i.SPI_Config                             0x08003b50   Section        0  spi.o(i.SPI_Config)
    i.SPI_RW                                 0x08003bbc   Section        0  spi.o(i.SPI_RW)
    i.SVC_Handler                            0x08003c20   Section        0  stm32f10x_it.o(i.SVC_Handler)
    i.SetBTABLE                              0x08003c24   Section        0  usb_regs.o(i.SetBTABLE)
    i.SetDeviceAddress                       0x08003c34   Section        0  usb_core.o(i.SetDeviceAddress)
    i.SetEPRxAddr                            0x08003c80   Section        0  usb_regs.o(i.SetEPRxAddr)
    i.SetEPRxCount                           0x08003ca4   Section        0  usb_regs.o(i.SetEPRxCount)
    i.SetEPRxStatus                          0x08003cf0   Section        0  usb_regs.o(i.SetEPRxStatus)
    i.SetEPRxValid                           0x08003d28   Section        0  usb_regs.o(i.SetEPRxValid)
    i.SetEPTxAddr                            0x08003d54   Section        0  usb_regs.o(i.SetEPTxAddr)
    i.SetEPTxCount                           0x08003d74   Section        0  usb_regs.o(i.SetEPTxCount)
    i.SetEPTxStatus                          0x08003d90   Section        0  usb_regs.o(i.SetEPTxStatus)
    i.SetEPTxValid                           0x08003dc8   Section        0  usb_regs.o(i.SetEPTxValid)
    i.SetEPType                              0x08003df4   Section        0  usb_regs.o(i.SetEPType)
    i.SetSysClock                            0x08003e18   Section        0  system_stm32f10x.o(i.SetSysClock)
    SetSysClock                              0x08003e19   Thumb Code     8  system_stm32f10x.o(i.SetSysClock)
    i.SetSysClockTo72                        0x08003e20   Section        0  system_stm32f10x.o(i.SetSysClockTo72)
    SetSysClockTo72                          0x08003e21   Thumb Code   214  system_stm32f10x.o(i.SetSysClockTo72)
    i.Set_USBClock                           0x08003f00   Section        0  usb_config.o(i.Set_USBClock)
    i.Setup0_Process                         0x08003f14   Section        0  usb_core.o(i.Setup0_Process)
    i.Standard_ClearFeature                  0x08003fc4   Section        0  usb_core.o(i.Standard_ClearFeature)
    i.Standard_GetConfiguration              0x08004120   Section        0  usb_core.o(i.Standard_GetConfiguration)
    i.Standard_GetDescriptorData             0x0800414c   Section        0  usb_core.o(i.Standard_GetDescriptorData)
    i.Standard_GetInterface                  0x08004170   Section        0  usb_core.o(i.Standard_GetInterface)
    i.Standard_GetStatus                     0x0800419c   Section        0  usb_core.o(i.Standard_GetStatus)
    i.Standard_SetConfiguration              0x0800428c   Section        0  usb_core.o(i.Standard_SetConfiguration)
    i.Standard_SetDeviceFeature              0x080042d4   Section        0  usb_core.o(i.Standard_SetDeviceFeature)
    i.Standard_SetEndPointFeature            0x080042fc   Section        0  usb_core.o(i.Standard_SetEndPointFeature)
    i.Standard_SetInterface                  0x080043bc   Section        0  usb_core.o(i.Standard_SetInterface)
    i.Suspend                                0x08004428   Section        0  usb_pwr.o(i.Suspend)
    i.SysTick_Handler                        0x08004450   Section        0  stm32f10x_it.o(i.SysTick_Handler)
    i.SystemInit                             0x08004460   Section        0  system_stm32f10x.o(i.SystemInit)
    i.TIM2_PWM_Config                        0x080044c0   Section        0  tim.o(i.TIM2_PWM_Config)
    i.TIM3_Config                            0x08004588   Section        0  tim.o(i.TIM3_Config)
    i.TIM3_IRQHandler                        0x080045ec   Section        0  scheduler.o(i.TIM3_IRQHandler)
    i.TIM_ARRPreloadConfig                   0x08004678   Section        0  stm32f10x_tim.o(i.TIM_ARRPreloadConfig)
    i.TIM_ClearITPendingBit                  0x08004690   Section        0  stm32f10x_tim.o(i.TIM_ClearITPendingBit)
    i.TIM_Cmd                                0x08004696   Section        0  stm32f10x_tim.o(i.TIM_Cmd)
    i.TIM_GetITStatus                        0x080046ae   Section        0  stm32f10x_tim.o(i.TIM_GetITStatus)
    i.TIM_ITConfig                           0x080046d0   Section        0  stm32f10x_tim.o(i.TIM_ITConfig)
    i.TIM_OC1Init                            0x080046e4   Section        0  stm32f10x_tim.o(i.TIM_OC1Init)
    i.TIM_OC1PreloadConfig                   0x0800477c   Section        0  stm32f10x_tim.o(i.TIM_OC1PreloadConfig)
    i.TIM_OC2Init                            0x08004790   Section        0  stm32f10x_tim.o(i.TIM_OC2Init)
    i.TIM_OC2PreloadConfig                   0x08004834   Section        0  stm32f10x_tim.o(i.TIM_OC2PreloadConfig)
    i.TIM_OC3Init                            0x08004850   Section        0  stm32f10x_tim.o(i.TIM_OC3Init)
    i.TIM_OC3PreloadConfig                   0x080048f0   Section        0  stm32f10x_tim.o(i.TIM_OC3PreloadConfig)
    i.TIM_OC4Init                            0x08004904   Section        0  stm32f10x_tim.o(i.TIM_OC4Init)
    i.TIM_OC4PreloadConfig                   0x08004980   Section        0  stm32f10x_tim.o(i.TIM_OC4PreloadConfig)
    i.TIM_TimeBaseInit                       0x0800499c   Section        0  stm32f10x_tim.o(i.TIM_TimeBaseInit)
    i.USART1_SendByte                        0x08004a40   Section        0  usart.o(i.USART1_SendByte)
    i.USART3_IRQHandler                      0x08004a70   Section        0  ano_dt.o(i.USART3_IRQHandler)
    i.USART_SendData                         0x08004b74   Section        0  stm32f10x_usart.o(i.USART_SendData)
    i.USB_Cable_Config                       0x08004b7c   Section        0  usb_config.o(i.USB_Cable_Config)
    i.USB_Connect                            0x08004b80   Section        0  usb_config.o(i.USB_Connect)
    i.USB_HID_Init                           0x08004bd8   Section        0  usb_hid.o(i.USB_HID_Init)
    i.USB_Init                               0x08004c04   Section        0  usb_init.o(i.USB_Init)
    i.USB_Interrupts_Config                  0x08004c40   Section        0  usb_config.o(i.USB_Interrupts_Config)
    i.USB_Istr                               0x08004c64   Section        0  usb_istr.o(i.USB_Istr)
    i.USB_LP_CAN1_RX0_IRQHandler             0x08004d5c   Section        0  stm32f10x_it.o(i.USB_LP_CAN1_RX0_IRQHandler)
    i.UsageFault_Handler                     0x08004d64   Section        0  stm32f10x_it.o(i.UsageFault_Handler)
    i.Usb_Hid_Adddata                        0x08004d68   Section        0  usb_hid.o(i.Usb_Hid_Adddata)
    i.Usb_Hid_Send                           0x08004d94   Section        0  usb_hid.o(i.Usb_Hid_Send)
    i.UserToPMABufferCopy                    0x08004f64   Section        0  usb_mem.o(i.UserToPMABufferCopy)
    i.__ARM_fpclassify                       0x08004f9c   Section        0  fpclassify.o(i.__ARM_fpclassify)
    i.__kernel_poly                          0x08004fc4   Section        0  poly.o(i.__kernel_poly)
    i.__mathlib_dbl_infnan                   0x0800506e   Section        0  dunder.o(i.__mathlib_dbl_infnan)
    i.__mathlib_dbl_infnan2                  0x08005074   Section        0  dunder.o(i.__mathlib_dbl_infnan2)
    i.__mathlib_dbl_invalid                  0x08005078   Section        0  dunder.o(i.__mathlib_dbl_invalid)
    i.__mathlib_dbl_underflow                0x08005084   Section        0  dunder.o(i.__mathlib_dbl_underflow)
    i.__scatterload_copy                     0x08005094   Section       14  handlers.o(i.__scatterload_copy)
    i.__scatterload_null                     0x080050a2   Section        2  handlers.o(i.__scatterload_null)
    i.__scatterload_zeroinit                 0x080050a4   Section       14  handlers.o(i.__scatterload_zeroinit)
    i.__set_errno                            0x080050b4   Section        0  errno.o(i.__set_errno)
    i.asin                                   0x080050c0   Section        0  asin.o(i.asin)
    i.atan                                   0x08005330   Section        0  atan.o(i.atan)
    i.atan2                                  0x08005550   Section        0  atan2.o(i.atan2)
    i.cycleCounterInit                       0x080056d0   Section        0  delay.o(i.cycleCounterInit)
    i.delay_ms                               0x080056f4   Section        0  delay.o(i.delay_ms)
    i.imu_rest                               0x08005718   Section        0  imu.o(i.imu_rest)
    i.kalman_1                               0x08005744   Section        0  kalman.o(i.kalman_1)
    i.main                                   0x0800579c   Section        0  main.o(i.main)
    i.pidRest                                0x08005814   Section        0  pid.o(i.pidRest)
    i.pidUpdate                              0x08005840   Section        0  pid.o(i.pidUpdate)
    i.pid_param_Init                         0x080058b4   Section        0  init.o(i.pid_param_Init)
    i.remote_unlock                          0x08005928   Section        0  remote.o(i.remote_unlock)
    i.sqrt                                   0x08005a68   Section        0  sqrt.o(i.sqrt)
    .constdata                               0x08005ab4   Section       10  nrf24l01.o(.constdata)
    .constdata                               0x08005ac0   Section       24  mymath.o(.constdata)
    .constdata                               0x08005ad8   Section      134  usb_desc.o(.constdata)
    .constdata                               0x08005b60   Section       80  asin.o(.constdata)
    pS                                       0x08005b60   Data          48  asin.o(.constdata)
    qS                                       0x08005b90   Data          32  asin.o(.constdata)
    .constdata                               0x08005bb0   Section      152  atan.o(.constdata)
    atanhi                                   0x08005bb0   Data          32  atan.o(.constdata)
    atanlo                                   0x08005bd0   Data          32  atan.o(.constdata)
    aTodd                                    0x08005bf0   Data          40  atan.o(.constdata)
    aTeven                                   0x08005c18   Data          48  atan.o(.constdata)
    .constdata                               0x08005c48   Section        8  qnan.o(.constdata)
    .data                                    0x20000000   Section       20  system_stm32f10x.o(.data)
    .data                                    0x20000014   Section        4  delay.o(.data)
    usTicks                                  0x20000014   Data           4  delay.o(.data)
    .data                                    0x20000018   Section        5  init.o(.data)
    .data                                    0x2000001d   Section        2  scheduler.o(.data)
    cnt_3ms                                  0x2000001d   Data           1  scheduler.o(.data)
    cnt_6ms                                  0x2000001e   Data           1  scheduler.o(.data)
    .data                                    0x2000001f   Section       20  stm32f10x_rcc.o(.data)
    APBAHBPrescTable                         0x2000001f   Data          16  stm32f10x_rcc.o(.data)
    ADCPrescTable                            0x2000002f   Data           4  stm32f10x_rcc.o(.data)
    .data                                    0x20000034   Section       14  flash.o(.data)
    .data                                    0x20000044   Section        8  led.o(.data)
    LastTime                                 0x20000048   Data           4  led.o(.data)
    .data                                    0x2000004c   Section       76  mpu6050.o(.data)
    pMpu                                     0x2000004c   Data           4  mpu6050.o(.data)
    ekf                                      0x20000050   Data          72  mpu6050.o(.data)
    .data                                    0x20000098   Section        5  usb_hid.o(.data)
    notfull_timeout                          0x2000009c   Data           1  usb_hid.o(.data)
    .data                                    0x2000009e   Section        7  remote.o(.data)
    cnt_15s                                  0x2000009e   Data           2  remote.o(.data)
    status                                   0x200000a0   Data           1  remote.o(.data)
    cnt                                      0x200000a2   Data           2  remote.o(.data)
    cnt                                      0x200000a4   Data           1  remote.o(.data)
    .data                                    0x200000a8   Section       36  control.o(.data)
    status                                   0x200000ca   Data           1  control.o(.data)
    status                                   0x200000cb   Data           1  control.o(.data)
    .data                                    0x200000cc   Section       10  ano_dt.o(.data)
    ANTO_Recived_flag                        0x200000cc   Data           1  ano_dt.o(.data)
    status                                   0x200000cd   Data           1  ano_dt.o(.data)
    count                                    0x200000ce   Data           1  ano_dt.o(.data)
    CheckSend                                0x200000cf   Data           7  ano_dt.o(.data)
    .data                                    0x200000d8   Section       28  imu.o(.data)
    NormAcc                                  0x200000d8   Data           4  imu.o(.data)
    KpDef                                    0x200000ec   Data           4  imu.o(.data)
    KiDef                                    0x200000f0   Data           4  imu.o(.data)
    .data                                    0x200000f4   Section        3  usb_core.o(.data)
    .data                                    0x200000f8   Section       20  usb_init.o(.data)
    .data                                    0x2000010c   Section        4  usb_int.o(.data)
    .data                                    0x20000110   Section       26  usb_desc.o(.data)
    .data                                    0x2000012c   Section       60  usb_istr.o(.data)
    .data                                    0x20000168   Section      156  usb_prop.o(.data)
    .data                                    0x20000204   Section        7  usb_pwr.o(.data)
    .data                                    0x2000020c   Section        4  errno.o(.data)
    _errno                                   0x2000020c   Data           4  errno.o(.data)
    .bss                                     0x20000210   Section      352  init.o(.bss)
    .bss                                     0x20000370   Section       24  mpu6050.o(.bss)
    tBuff                                    0x2000037c   Data          12  mpu6050.o(.bss)
    .bss                                     0x20000388   Section      320  usb_hid.o(.bss)
    .bss                                     0x200004c8   Section       32  remote.o(.bss)
    .bss                                     0x200004e8   Section       79  ano_dt.o(.bss)
    RatePID                                  0x200004e8   Data          18  ano_dt.o(.bss)
    AnglePID                                 0x200004fa   Data          18  ano_dt.o(.bss)
    HighPID                                  0x2000050c   Data          18  ano_dt.o(.bss)
    ReciveBuffer                             0x2000051e   Data          25  ano_dt.o(.bss)
    .bss                                     0x20000538   Section       12  imu.o(.bss)
    .bss                                     0x20000544   Section       28  usb_init.o(.bss)
    .bss                                     0x20000560   Section       64  usb_endp.o(.bss)
    STACK                                    0x200005a0   Section     1024  startup_stm32f10x_md.o(STACK)

    Global Symbols

    Symbol Name                              Value     Ov Type        Size  Object(Section)

    BuildAttributes$$THM_ISAv4$P$D$K$B$S$PE$A:L22UL41UL21$X:L11$S22US41US21$IEEE1$IW$USESV6$~STKCKD$USESV7$~SHL$OTIME$ROPI$IEEEX$EBA8$MICROLIB$REQ8$PRES8$EABIv2 0x00000000   Number         0  anon$$obj.o ABSOLUTE
    __ARM_use_no_argv                        0x00000000   Number         0  main.o ABSOLUTE
    __cpp_initialize__aeabi_                  - Undefined Weak Reference
    __cxa_finalize                            - Undefined Weak Reference
    _clock_init                               - Undefined Weak Reference
    _microlib_exit                            - Undefined Weak Reference
    __Vectors_Size                           0x000000ec   Number         0  startup_stm32f10x_md.o ABSOLUTE
    __Vectors                                0x08000000   Data           4  startup_stm32f10x_md.o(RESET)
    __Vectors_End                            0x080000ec   Data           0  startup_stm32f10x_md.o(RESET)
    __main                                   0x080000ed   Thumb Code     0  entry.o(.ARM.Collect$$$$00000000)
    _main_stk                                0x080000ed   Thumb Code     0  entry2.o(.ARM.Collect$$$$00000001)
    _main_scatterload                        0x080000f1   Thumb Code     0  entry5.o(.ARM.Collect$$$$00000004)
    __main_after_scatterload                 0x080000f5   Thumb Code     0  entry5.o(.ARM.Collect$$$$00000004)
    _main_clock                              0x080000f5   Thumb Code     0  entry7b.o(.ARM.Collect$$$$00000008)
    _main_cpp_init                           0x080000f5   Thumb Code     0  entry8b.o(.ARM.Collect$$$$0000000A)
    _main_init                               0x080000f5   Thumb Code     0  entry9a.o(.ARM.Collect$$$$0000000B)
    __rt_final_cpp                           0x080000fd   Thumb Code     0  entry10a.o(.ARM.Collect$$$$0000000D)
    __rt_final_exit                          0x080000fd   Thumb Code     0  entry11a.o(.ARM.Collect$$$$0000000F)
    Reset_Handler                            0x08000101   Thumb Code     8  startup_stm32f10x_md.o(.text)
    ADC1_2_IRQHandler                        0x0800011b   Thumb Code     0  startup_stm32f10x_md.o(.text)
    CAN1_RX1_IRQHandler                      0x0800011b   Thumb Code     0  startup_stm32f10x_md.o(.text)
    CAN1_SCE_IRQHandler                      0x0800011b   Thumb Code     0  startup_stm32f10x_md.o(.text)
    DMA1_Channel1_IRQHandler                 0x0800011b   Thumb Code     0  startup_stm32f10x_md.o(.text)
    DMA1_Channel2_IRQHandler                 0x0800011b   Thumb Code     0  startup_stm32f10x_md.o(.text)
    DMA1_Channel3_IRQHandler                 0x0800011b   Thumb Code     0  startup_stm32f10x_md.o(.text)
    DMA1_Channel4_IRQHandler                 0x0800011b   Thumb Code     0  startup_stm32f10x_md.o(.text)
    DMA1_Channel5_IRQHandler                 0x0800011b   Thumb Code     0  startup_stm32f10x_md.o(.text)
    DMA1_Channel6_IRQHandler                 0x0800011b   Thumb Code     0  startup_stm32f10x_md.o(.text)
    DMA1_Channel7_IRQHandler                 0x0800011b   Thumb Code     0  startup_stm32f10x_md.o(.text)
    EXTI0_IRQHandler                         0x0800011b   Thumb Code     0  startup_stm32f10x_md.o(.text)
    EXTI15_10_IRQHandler                     0x0800011b   Thumb Code     0  startup_stm32f10x_md.o(.text)
    EXTI1_IRQHandler                         0x0800011b   Thumb Code     0  startup_stm32f10x_md.o(.text)
    EXTI2_IRQHandler                         0x0800011b   Thumb Code     0  startup_stm32f10x_md.o(.text)
    EXTI3_IRQHandler                         0x0800011b   Thumb Code     0  startup_stm32f10x_md.o(.text)
    EXTI4_IRQHandler                         0x0800011b   Thumb Code     0  startup_stm32f10x_md.o(.text)
    EXTI9_5_IRQHandler                       0x0800011b   Thumb Code     0  startup_stm32f10x_md.o(.text)
    FLASH_IRQHandler                         0x0800011b   Thumb Code     0  startup_stm32f10x_md.o(.text)
    I2C1_ER_IRQHandler                       0x0800011b   Thumb Code     0  startup_stm32f10x_md.o(.text)
    I2C1_EV_IRQHandler                       0x0800011b   Thumb Code     0  startup_stm32f10x_md.o(.text)
    I2C2_ER_IRQHandler                       0x0800011b   Thumb Code     0  startup_stm32f10x_md.o(.text)
    I2C2_EV_IRQHandler                       0x0800011b   Thumb Code     0  startup_stm32f10x_md.o(.text)
    PVD_IRQHandler                           0x0800011b   Thumb Code     0  startup_stm32f10x_md.o(.text)
    RCC_IRQHandler                           0x0800011b   Thumb Code     0  startup_stm32f10x_md.o(.text)
    RTCAlarm_IRQHandler                      0x0800011b   Thumb Code     0  startup_stm32f10x_md.o(.text)
    RTC_IRQHandler                           0x0800011b   Thumb Code     0  startup_stm32f10x_md.o(.text)
    SPI1_IRQHandler                          0x0800011b   Thumb Code     0  startup_stm32f10x_md.o(.text)
    SPI2_IRQHandler                          0x0800011b   Thumb Code     0  startup_stm32f10x_md.o(.text)
    TAMPER_IRQHandler                        0x0800011b   Thumb Code     0  startup_stm32f10x_md.o(.text)
    TIM1_BRK_IRQHandler                      0x0800011b   Thumb Code     0  startup_stm32f10x_md.o(.text)
    TIM1_CC_IRQHandler                       0x0800011b   Thumb Code     0  startup_stm32f10x_md.o(.text)
    TIM1_TRG_COM_IRQHandler                  0x0800011b   Thumb Code     0  startup_stm32f10x_md.o(.text)
    TIM1_UP_IRQHandler                       0x0800011b   Thumb Code     0  startup_stm32f10x_md.o(.text)
    TIM2_IRQHandler                          0x0800011b   Thumb Code     0  startup_stm32f10x_md.o(.text)
    TIM4_IRQHandler                          0x0800011b   Thumb Code     0  startup_stm32f10x_md.o(.text)
    USART1_IRQHandler                        0x0800011b   Thumb Code     0  startup_stm32f10x_md.o(.text)
    USART2_IRQHandler                        0x0800011b   Thumb Code     0  startup_stm32f10x_md.o(.text)
    USBWakeUp_IRQHandler                     0x0800011b   Thumb Code     0  startup_stm32f10x_md.o(.text)
    USB_HP_CAN1_TX_IRQHandler                0x0800011b   Thumb Code     0  startup_stm32f10x_md.o(.text)
    WWDG_IRQHandler                          0x0800011b   Thumb Code     0  startup_stm32f10x_md.o(.text)
    __aeabi_memcpy                           0x08000125   Thumb Code    36  memcpya.o(.text)
    __aeabi_memcpy4                          0x08000125   Thumb Code     0  memcpya.o(.text)
    __aeabi_memcpy8                          0x08000125   Thumb Code     0  memcpya.o(.text)
    __aeabi_fadd                             0x08000149   Thumb Code   164  fadd.o(.text)
    __aeabi_fsub                             0x080001ed   Thumb Code     6  fadd.o(.text)
    __aeabi_frsub                            0x080001f3   Thumb Code     6  fadd.o(.text)
    __aeabi_fmul                             0x080001f9   Thumb Code   100  fmul.o(.text)
    __aeabi_fdiv                             0x0800025d   Thumb Code   124  fdiv.o(.text)
    __aeabi_dadd                             0x080002d9   Thumb Code   322  dadd.o(.text)
    __aeabi_dsub                             0x0800041b   Thumb Code     6  dadd.o(.text)
    __aeabi_drsub                            0x08000421   Thumb Code     6  dadd.o(.text)
    __aeabi_dmul                             0x08000427   Thumb Code   228  dmul.o(.text)
    __aeabi_i2f                              0x0800050b   Thumb Code    18  fflti.o(.text)
    __aeabi_ui2f                             0x0800051d   Thumb Code    10  ffltui.o(.text)
    __aeabi_f2iz                             0x08000527   Thumb Code    50  ffixi.o(.text)
    __aeabi_f2d                              0x08000559   Thumb Code    38  f2d.o(.text)
    __aeabi_d2f                              0x0800057f   Thumb Code    56  d2f.o(.text)
    __aeabi_cfcmpeq                          0x080005b9   Thumb Code     0  cfcmple.o(.text)
    __aeabi_cfcmple                          0x080005b9   Thumb Code    20  cfcmple.o(.text)
    __aeabi_cfrcmple                         0x080005cd   Thumb Code    20  cfrcmple.o(.text)
    __aeabi_llsl                             0x080005e1   Thumb Code    30  llshl.o(.text)
    _ll_shift_l                              0x080005e1   Thumb Code     0  llshl.o(.text)
    __aeabi_lasr                             0x080005ff   Thumb Code    36  llsshr.o(.text)
    _ll_sshift_r                             0x080005ff   Thumb Code     0  llsshr.o(.text)
    __I$use$fp                               0x08000623   Thumb Code     0  iusefp.o(.text)
    _float_round                             0x08000623   Thumb Code    18  fepilogue.o(.text)
    _float_epilogue                          0x08000635   Thumb Code    92  fepilogue.o(.text)
    _double_round                            0x08000691   Thumb Code    30  depilogue.o(.text)
    _double_epilogue                         0x080006af   Thumb Code   156  depilogue.o(.text)
    __aeabi_ddiv                             0x0800074b   Thumb Code   222  ddiv.o(.text)
    __ARM_scalbn                             0x08000829   Thumb Code    46  dscalb.o(.text)
    scalbn                                   0x08000829   Thumb Code     0  dscalb.o(.text)
    __scatterload                            0x08000859   Thumb Code    28  init.o(.text)
    __scatterload_rt2                        0x08000859   Thumb Code     0  init.o(.text)
    __aeabi_llsr                             0x0800087d   Thumb Code    32  llushr.o(.text)
    _ll_ushift_r                             0x0800087d   Thumb Code     0  llushr.o(.text)
    _dsqrt                                   0x0800089d   Thumb Code   162  dsqrt.o(.text)
    __decompress                             0x0800093f   Thumb Code     0  __dczerorl2.o(.text)
    __decompress1                            0x0800093f   Thumb Code    86  __dczerorl2.o(.text)
    ALL_Init                                 0x08000995   Thumb Code    42  init.o(i.ALL_Init)
    ANO_Recive                               0x080009c1   Thumb Code   202  ano_dt.o(i.ANO_Recive)
    ANTO_polling                             0x08000d69   Thumb Code   542  ano_dt.o(i.ANTO_polling)
    BusFault_Handler                         0x08000fb9   Thumb Code     4  stm32f10x_it.o(i.BusFault_Handler)
    ByteSwap                                 0x08000fbd   Thumb Code    12  usb_regs.o(i.ByteSwap)
    CTR_LP                                   0x08000fc9   Thumb Code   774  usb_int.o(i.CTR_LP)
    CascadePID                               0x080012f1   Thumb Code    30  pid.o(i.CascadePID)
    ClearDTOG_RX                             0x08001311   Thumb Code    46  usb_regs.o(i.ClearDTOG_RX)
    ClearDTOG_TX                             0x08001345   Thumb Code    46  usb_regs.o(i.ClearDTOG_TX)
    Clear_Status_Out                         0x08001379   Thumb Code    28  usb_regs.o(i.Clear_Status_Out)
    CustomHID_Data_Setup                     0x08001399   Thumb Code   108  usb_prop.o(i.CustomHID_Data_Setup)
    CustomHID_GetConfigDescriptor            0x08001415   Thumb Code    14  usb_prop.o(i.CustomHID_GetConfigDescriptor)
    CustomHID_GetDeviceDescriptor            0x08001429   Thumb Code    14  usb_prop.o(i.CustomHID_GetDeviceDescriptor)
    CustomHID_GetHIDDescriptor               0x0800143d   Thumb Code    14  usb_prop.o(i.CustomHID_GetHIDDescriptor)
    CustomHID_GetProtocolValue               0x08001451   Thumb Code    20  usb_prop.o(i.CustomHID_GetProtocolValue)
    CustomHID_GetReportDescriptor            0x0800146d   Thumb Code    14  usb_prop.o(i.CustomHID_GetReportDescriptor)
    CustomHID_GetStringDescriptor            0x08001481   Thumb Code    32  usb_prop.o(i.CustomHID_GetStringDescriptor)
    CustomHID_Get_Interface_Setting          0x080014a9   Thumb Code    22  usb_prop.o(i.CustomHID_Get_Interface_Setting)
    CustomHID_NoData_Setup                   0x080014c1   Thumb Code    32  usb_prop.o(i.CustomHID_NoData_Setup)
    CustomHID_Reset                          0x080014e5   Thumb Code   176  usb_prop.o(i.CustomHID_Reset)
    CustomHID_SetConfiguration               0x080015a5   Thumb Code    16  usb_prop.o(i.CustomHID_SetConfiguration)
    CustomHID_SetDeviceAddress               0x080015bd   Thumb Code     8  usb_prop.o(i.CustomHID_SetDeviceAddress)
    CustomHID_SetProtocol                    0x080015c9   Thumb Code    14  usb_prop.o(i.CustomHID_SetProtocol)
    CustomHID_Status_In                      0x080015e1   Thumb Code     2  usb_prop.o(i.CustomHID_Status_In)
    CustomHID_Status_Out                     0x080015e3   Thumb Code     2  usb_prop.o(i.CustomHID_Status_Out)
    CustomHID_init                           0x080015e5   Thumb Code    50  usb_prop.o(i.CustomHID_init)
    DebugMon_Handler                         0x08001a3d   Thumb Code     2  stm32f10x_it.o(i.DebugMon_Handler)
    EP1_OUT_Callback                         0x08001a41   Thumb Code    28  usb_endp.o(i.EP1_OUT_Callback)
    EP2_IN_Callback                          0x08001a65   Thumb Code    20  usb_endp.o(i.EP2_IN_Callback)
    Enter_LowPowerMode                       0x08001a7d   Thumb Code     8  usb_config.o(i.Enter_LowPowerMode)
    FLASH_read                               0x08001a89   Thumb Code    40  flash.o(i.FLASH_read)
    FlightPidControl                         0x08001ab9   Thumb Code   342  control.o(i.FlightPidControl)
    GPIO_Init                                0x08001c49   Thumb Code   278  stm32f10x_gpio.o(i.GPIO_Init)
    GPIO_PinRemapConfig                      0x08001d61   Thumb Code   138  stm32f10x_gpio.o(i.GPIO_PinRemapConfig)
    GPIO_ResetBits                           0x08001df1   Thumb Code     4  stm32f10x_gpio.o(i.GPIO_ResetBits)
    GPIO_SetBits                             0x08001df5   Thumb Code     4  stm32f10x_gpio.o(i.GPIO_SetBits)
    GetAngle                                 0x08001df9   Thumb Code  1846  imu.o(i.GetAngle)
    GetEPRxAddr                              0x08002545   Thumb Code    24  usb_regs.o(i.GetEPRxAddr)
    GetEPTxAddr                              0x08002565   Thumb Code    22  usb_regs.o(i.GetEPTxAddr)
    GetSysTime_us                            0x08002585   Thumb Code    58  delay.o(i.GetSysTime_us)
    Get_SerialNum                            0x080025c9   Thumb Code    62  usb_config.o(i.Get_SerialNum)
    HardFault_Handler                        0x08002611   Thumb Code     4  stm32f10x_it.o(i.HardFault_Handler)
    IIC_Init                                 0x08002b11   Thumb Code    38  iic_software.o(i.IIC_Init)
    IIC_Read_One_Byte                        0x08002b3d   Thumb Code   100  iic_software.o(i.IIC_Read_One_Byte)
    IIC_Write_One_Byte                       0x08002ba1   Thumb Code    68  iic_software.o(i.IIC_Write_One_Byte)
    IIC_read_Bytes                           0x08002be5   Thumb Code   128  iic_software.o(i.IIC_read_Bytes)
    In0_Process                              0x08002c65   Thumb Code    98  usb_core.o(i.In0_Process)
    LEDInit                                  0x08002cd5   Thumb Code    68  led.o(i.LEDInit)
    Leave_LowPowerMode                       0x08002d21   Thumb Code    22  usb_config.o(i.Leave_LowPowerMode)
    MemManage_Handler                        0x08002d41   Thumb Code     4  stm32f10x_it.o(i.MemManage_Handler)
    MotorControl                             0x08002d45   Thumb Code   654  control.o(i.MotorControl)
    MpuGetData                               0x08002ffd   Thumb Code   222  mpu6050.o(i.MpuGetData)
    MpuInit                                  0x080030ed   Thumb Code   128  mpu6050.o(i.MpuInit)
    NMI_Handler                              0x08003171   Thumb Code     2  stm32f10x_it.o(i.NMI_Handler)
    NOP_Process                              0x08003173   Thumb Code     2  usb_core.o(i.NOP_Process)
    NRF24L01_Check                           0x08003175   Thumb Code    68  nrf24l01.o(i.NRF24L01_Check)
    NRF24L01_Configuration                   0x080031c1   Thumb Code   110  nrf24l01.o(i.NRF24L01_Configuration)
    NRF24L01_Read_Buf                        0x08003239   Thumb Code    58  nrf24l01.o(i.NRF24L01_Read_Buf)
    NRF24L01_Read_Reg                        0x08003279   Thumb Code    36  nrf24l01.o(i.NRF24L01_Read_Reg)
    NRF24L01_RxPacket                        0x080032a1   Thumb Code    52  nrf24l01.o(i.NRF24L01_RxPacket)
    NRF24L01_Write_Buf                       0x080032d5   Thumb Code    58  nrf24l01.o(i.NRF24L01_Write_Buf)
    NRF24L01_Write_Reg                       0x08003315   Thumb Code    38  nrf24l01.o(i.NRF24L01_Write_Reg)
    NRF24L01_init                            0x08003341   Thumb Code    22  nrf24l01.o(i.NRF24L01_init)
    NVIC_Init                                0x08003359   Thumb Code   100  misc.o(i.NVIC_Init)
    NVIC_PriorityGroupConfig                 0x080033c9   Thumb Code    10  misc.o(i.NVIC_PriorityGroupConfig)
    Out0_Process                             0x08003521   Thumb Code    70  usb_core.o(i.Out0_Process)
    PMAToUserBufferCopy                      0x08003571   Thumb Code    34  usb_mem.o(i.PMAToUserBufferCopy)
    PendSV_Handler                           0x08003599   Thumb Code     2  stm32f10x_it.o(i.PendSV_Handler)
    PilotLED                                 0x0800359d   Thumb Code   208  led.o(i.PilotLED)
    Post0_Process                            0x08003681   Thumb Code    54  usb_core.o(i.Post0_Process)
    PowerOn                                  0x080036c9   Thumb Code    54  usb_pwr.o(i.PowerOn)
    Q_rsqrt                                  0x08003709   Thumb Code    74  mymath.o(i.Q_rsqrt)
    RCC_APB1PeriphClockCmd                   0x08003759   Thumb Code    26  stm32f10x_rcc.o(i.RCC_APB1PeriphClockCmd)
    RCC_APB2PeriphClockCmd                   0x08003779   Thumb Code    26  stm32f10x_rcc.o(i.RCC_APB2PeriphClockCmd)
    RCC_GetClocksFreq                        0x08003799   Thumb Code   192  stm32f10x_rcc.o(i.RCC_GetClocksFreq)
    RCC_USBCLKConfig                         0x0800386d   Thumb Code     6  stm32f10x_rcc.o(i.RCC_USBCLKConfig)
    RC_Analy                                 0x08003879   Thumb Code   396  remote.o(i.RC_Analy)
    RX_Mode                                  0x08003a29   Thumb Code    76  nrf24l01.o(i.RX_Mode)
    Resume                                   0x08003a7d   Thumb Code   168  usb_pwr.o(i.Resume)
    Resume_Init                              0x08003b2d   Thumb Code    30  usb_pwr.o(i.Resume_Init)
    SPI_Config                               0x08003b51   Thumb Code   104  spi.o(i.SPI_Config)
    SPI_RW                                   0x08003bbd   Thumb Code    94  spi.o(i.SPI_RW)
    SVC_Handler                              0x08003c21   Thumb Code     2  stm32f10x_it.o(i.SVC_Handler)
    SetBTABLE                                0x08003c25   Thumb Code    12  usb_regs.o(i.SetBTABLE)
    SetDeviceAddress                         0x08003c35   Thumb Code    62  usb_core.o(i.SetDeviceAddress)
    SetEPRxAddr                              0x08003c81   Thumb Code    26  usb_regs.o(i.SetEPRxAddr)
    SetEPRxCount                             0x08003ca5   Thumb Code    68  usb_regs.o(i.SetEPRxCount)
    SetEPRxStatus                            0x08003cf1   Thumb Code    52  usb_regs.o(i.SetEPRxStatus)
    SetEPRxValid                             0x08003d29   Thumb Code    38  usb_regs.o(i.SetEPRxValid)
    SetEPTxAddr                              0x08003d55   Thumb Code    24  usb_regs.o(i.SetEPTxAddr)
    SetEPTxCount                             0x08003d75   Thumb Code    20  usb_regs.o(i.SetEPTxCount)
    SetEPTxStatus                            0x08003d91   Thumb Code    52  usb_regs.o(i.SetEPTxStatus)
    SetEPTxValid                             0x08003dc9   Thumb Code    38  usb_regs.o(i.SetEPTxValid)
    SetEPType                                0x08003df5   Thumb Code    32  usb_regs.o(i.SetEPType)
    Set_USBClock                             0x08003f01   Thumb Code    18  usb_config.o(i.Set_USBClock)
    Setup0_Process                           0x08003f15   Thumb Code   162  usb_core.o(i.Setup0_Process)
    Standard_ClearFeature                    0x08003fc5   Thumb Code   326  usb_core.o(i.Standard_ClearFeature)
    Standard_GetConfiguration                0x08004121   Thumb Code    34  usb_core.o(i.Standard_GetConfiguration)
    Standard_GetDescriptorData               0x0800414d   Thumb Code    32  usb_core.o(i.Standard_GetDescriptorData)
    Standard_GetInterface                    0x08004171   Thumb Code    34  usb_core.o(i.Standard_GetInterface)
    Standard_GetStatus                       0x0800419d   Thumb Code   224  usb_core.o(i.Standard_GetStatus)
    Standard_SetConfiguration                0x0800428d   Thumb Code    60  usb_core.o(i.Standard_SetConfiguration)
    Standard_SetDeviceFeature                0x080042d5   Thumb Code    30  usb_core.o(i.Standard_SetDeviceFeature)
    Standard_SetEndPointFeature              0x080042fd   Thumb Code   176  usb_core.o(i.Standard_SetEndPointFeature)
    Standard_SetInterface                    0x080043bd   Thumb Code    96  usb_core.o(i.Standard_SetInterface)
    Suspend                                  0x08004429   Thumb Code    34  usb_pwr.o(i.Suspend)
    SysTick_Handler                          0x08004451   Thumb Code    12  stm32f10x_it.o(i.SysTick_Handler)
    SystemInit                               0x08004461   Thumb Code    78  system_stm32f10x.o(i.SystemInit)
    TIM2_PWM_Config                          0x080044c1   Thumb Code   194  tim.o(i.TIM2_PWM_Config)
    TIM3_Config                              0x08004589   Thumb Code    94  tim.o(i.TIM3_Config)
    TIM3_IRQHandler                          0x080045ed   Thumb Code   108  scheduler.o(i.TIM3_IRQHandler)
    TIM_ARRPreloadConfig                     0x08004679   Thumb Code    24  stm32f10x_tim.o(i.TIM_ARRPreloadConfig)
    TIM_ClearITPendingBit                    0x08004691   Thumb Code     6  stm32f10x_tim.o(i.TIM_ClearITPendingBit)
    TIM_Cmd                                  0x08004697   Thumb Code    24  stm32f10x_tim.o(i.TIM_Cmd)
    TIM_GetITStatus                          0x080046af   Thumb Code    34  stm32f10x_tim.o(i.TIM_GetITStatus)
    TIM_ITConfig                             0x080046d1   Thumb Code    18  stm32f10x_tim.o(i.TIM_ITConfig)
    TIM_OC1Init                              0x080046e5   Thumb Code   132  stm32f10x_tim.o(i.TIM_OC1Init)
    TIM_OC1PreloadConfig                     0x0800477d   Thumb Code    18  stm32f10x_tim.o(i.TIM_OC1PreloadConfig)
    TIM_OC2Init                              0x08004791   Thumb Code   154  stm32f10x_tim.o(i.TIM_OC2Init)
    TIM_OC2PreloadConfig                     0x08004835   Thumb Code    26  stm32f10x_tim.o(i.TIM_OC2PreloadConfig)
    TIM_OC3Init                              0x08004851   Thumb Code   150  stm32f10x_tim.o(i.TIM_OC3Init)
    TIM_OC3PreloadConfig                     0x080048f1   Thumb Code    18  stm32f10x_tim.o(i.TIM_OC3PreloadConfig)
    TIM_OC4Init                              0x08004905   Thumb Code   114  stm32f10x_tim.o(i.TIM_OC4Init)
    TIM_OC4PreloadConfig                     0x08004981   Thumb Code    26  stm32f10x_tim.o(i.TIM_OC4PreloadConfig)
    TIM_TimeBaseInit                         0x0800499d   Thumb Code   122  stm32f10x_tim.o(i.TIM_TimeBaseInit)
    USART1_SendByte                          0x08004a41   Thumb Code    44  usart.o(i.USART1_SendByte)
    USART3_IRQHandler                        0x08004a71   Thumb Code   244  ano_dt.o(i.USART3_IRQHandler)
    USART_SendData                           0x08004b75   Thumb Code     8  stm32f10x_usart.o(i.USART_SendData)
    USB_Cable_Config                         0x08004b7d   Thumb Code     2  usb_config.o(i.USB_Cable_Config)
    USB_Connect                              0x08004b81   Thumb Code    78  usb_config.o(i.USB_Connect)
    USB_HID_Init                             0x08004bd9   Thumb Code    38  usb_hid.o(i.USB_HID_Init)
    USB_Init                                 0x08004c05   Thumb Code    36  usb_init.o(i.USB_Init)
    USB_Interrupts_Config                    0x08004c41   Thumb Code    34  usb_config.o(i.USB_Interrupts_Config)
    USB_Istr                                 0x08004c65   Thumb Code   222  usb_istr.o(i.USB_Istr)
    USB_LP_CAN1_RX0_IRQHandler               0x08004d5d   Thumb Code     8  stm32f10x_it.o(i.USB_LP_CAN1_RX0_IRQHandler)
    UsageFault_Handler                       0x08004d65   Thumb Code     4  stm32f10x_it.o(i.UsageFault_Handler)
    Usb_Hid_Adddata                          0x08004d69   Thumb Code    36  usb_hid.o(i.Usb_Hid_Adddata)
    Usb_Hid_Send                             0x08004d95   Thumb Code   438  usb_hid.o(i.Usb_Hid_Send)
    UserToPMABufferCopy                      0x08004f65   Thumb Code    52  usb_mem.o(i.UserToPMABufferCopy)
    __ARM_fpclassify                         0x08004f9d   Thumb Code    40  fpclassify.o(i.__ARM_fpclassify)
    __kernel_poly                            0x08004fc5   Thumb Code   170  poly.o(i.__kernel_poly)
    __mathlib_dbl_infnan                     0x0800506f   Thumb Code     6  dunder.o(i.__mathlib_dbl_infnan)
    __mathlib_dbl_infnan2                    0x08005075   Thumb Code     4  dunder.o(i.__mathlib_dbl_infnan2)
    __mathlib_dbl_invalid                    0x08005079   Thumb Code    12  dunder.o(i.__mathlib_dbl_invalid)
    __mathlib_dbl_underflow                  0x08005085   Thumb Code    10  dunder.o(i.__mathlib_dbl_underflow)
    __scatterload_copy                       0x08005095   Thumb Code    14  handlers.o(i.__scatterload_copy)
    __scatterload_null                       0x080050a3   Thumb Code     2  handlers.o(i.__scatterload_null)
    __scatterload_zeroinit                   0x080050a5   Thumb Code    14  handlers.o(i.__scatterload_zeroinit)
    __set_errno                              0x080050b5   Thumb Code     6  errno.o(i.__set_errno)
    asin                                     0x080050c1   Thumb Code   572  asin.o(i.asin)
    atan                                     0x08005331   Thumb Code   474  atan.o(i.atan)
    atan2                                    0x08005551   Thumb Code   346  atan2.o(i.atan2)
    cycleCounterInit                         0x080056d1   Thumb Code    26  delay.o(i.cycleCounterInit)
    delay_ms                                 0x080056f5   Thumb Code    34  delay.o(i.delay_ms)
    imu_rest                                 0x08005719   Thumb Code    32  imu.o(i.imu_rest)
    kalman_1                                 0x08005745   Thumb Code    88  kalman.o(i.kalman_1)
    main                                     0x0800579d   Thumb Code   108  main.o(i.main)
    pidRest                                  0x08005815   Thumb Code    44  pid.o(i.pidRest)
    pidUpdate                                0x08005841   Thumb Code   114  pid.o(i.pidUpdate)
    pid_param_Init                           0x080058b5   Thumb Code    72  init.o(i.pid_param_Init)
    remote_unlock                            0x08005929   Thumb Code   294  remote.o(i.remote_unlock)
    sqrt                                     0x08005a69   Thumb Code    76  sqrt.o(i.sqrt)
    TX_ADDRESS                               0x08005ab4   Data           5  nrf24l01.o(.constdata)
    RX_ADDRESS                               0x08005ab9   Data           5  nrf24l01.o(.constdata)
    M_PI                                     0x08005ac0   Data           4  mymath.o(.constdata)
    RtA                                      0x08005ac4   Data           4  mymath.o(.constdata)
    AtR                                      0x08005ac8   Data           4  mymath.o(.constdata)
    Gyro_G                                   0x08005acc   Data           4  mymath.o(.constdata)
    Gyro_Gr                                  0x08005ad0   Data           4  mymath.o(.constdata)
    PI_2                                     0x08005ad4   Data           4  mymath.o(.constdata)
    CustomHID_DeviceDescriptor               0x08005ad8   Data          18  usb_desc.o(.constdata)
    CustomHID_ConfigDescriptor               0x08005aea   Data          41  usb_desc.o(.constdata)
    CustomHID_ReportDescriptor               0x08005b13   Data          33  usb_desc.o(.constdata)
    CustomHID_StringLangID                   0x08005b34   Data           4  usb_desc.o(.constdata)
    CustomHID_StringVendor                   0x08005b38   Data          20  usb_desc.o(.constdata)
    CustomHID_StringProduct                  0x08005b4c   Data          18  usb_desc.o(.constdata)
    __mathlib_zero                           0x08005c48   Data           8  qnan.o(.constdata)
    Region$$Table$$Base                      0x08005c50   Number         0  anon$$obj.o(Region$$Table)
    Region$$Table$$Limit                     0x08005c70   Number         0  anon$$obj.o(Region$$Table)
    SystemCoreClock                          0x20000000   Data           4  system_stm32f10x.o(.data)
    AHBPrescTable                            0x20000004   Data          16  system_stm32f10x.o(.data)
    SysTick_count                            0x20000018   Data           4  init.o(.data)
    ALL_flag                                 0x2000001c   Data           1  init.o(.data)
    EraseCounter                             0x20000034   Data           4  flash.o(.data)
    Address                                  0x20000038   Data           4  flash.o(.data)
    First_Page                               0x2000003c   Data           4  flash.o(.data)
    FLASHStatus                              0x20000040   Data           1  flash.o(.data)
    MemoryProgramStatus                      0x20000041   Data           1  flash.o(.data)
    LED                                      0x20000044   Data           4  led.o(.data)
    USB_ReceiveFlg                           0x20000098   Data           1  usb_hid.o(.data)
    HID_SEND_TIMEOUT                         0x20000099   Data           1  usb_hid.o(.data)
    hid_datatemp_begin                       0x2000009a   Data           1  usb_hid.o(.data)
    hid_datatemp_end                         0x2000009b   Data           1  usb_hid.o(.data)
    pPidObject                               0x200000a8   Data          24  control.o(.data)
    motor                                    0x200000c0   Data           8  control.o(.data)
    low_thr_cnt                              0x200000c8   Data           2  control.o(.data)
    NumQ                                     0x200000dc   Data          16  imu.o(.data)
    StatusInfo                               0x200000f4   Data           2  usb_core.o(.data)
    Data_Mul_MaxPacketSize                   0x200000f6   Data           1  usb_core.o(.data)
    EPindex                                  0x200000f8   Data           1  usb_init.o(.data)
    pInformation                             0x200000fc   Data           4  usb_init.o(.data)
    pProperty                                0x20000100   Data           4  usb_init.o(.data)
    SaveState                                0x20000104   Data           2  usb_init.o(.data)
    wInterrupt_Mask                          0x20000106   Data           2  usb_init.o(.data)
    pUser_Standard_Requests                  0x20000108   Data           4  usb_init.o(.data)
    SaveRState                               0x2000010c   Data           2  usb_int.o(.data)
    SaveTState                               0x2000010e   Data           2  usb_int.o(.data)
    CustomHID_StringSerial                   0x20000110   Data          26  usb_desc.o(.data)
    wIstr                                    0x2000012c   Data           2  usb_istr.o(.data)
    bIntPackSOF                              0x2000012e   Data           1  usb_istr.o(.data)
    pEpInt_IN                                0x20000130   Data          28  usb_istr.o(.data)
    pEpInt_OUT                               0x2000014c   Data          28  usb_istr.o(.data)
    ProtocolValue                            0x20000168   Data           4  usb_prop.o(.data)
    Device_Table                             0x2000016c   Data           2  usb_prop.o(.data)
    Device_Property                          0x20000170   Data          48  usb_prop.o(.data)
    User_Standard_Requests                   0x200001a0   Data          36  usb_prop.o(.data)
    Device_Descriptor                        0x200001c4   Data           8  usb_prop.o(.data)
    Config_Descriptor                        0x200001cc   Data           8  usb_prop.o(.data)
    CustomHID_Report_Descriptor              0x200001d4   Data           8  usb_prop.o(.data)
    CustomHID_Hid_Descriptor                 0x200001dc   Data           8  usb_prop.o(.data)
    String_Descriptor                        0x200001e4   Data          32  usb_prop.o(.data)
    bDeviceState                             0x20000204   Data           4  usb_pwr.o(.data)
    fSuspendEnabled                          0x20000208   Data           1  usb_pwr.o(.data)
    ResumeS                                  0x20000209   Data           2  usb_pwr.o(.data)
    MPU6050                                  0x20000210   Data          12  init.o(.bss)
    Angle                                    0x2000021c   Data          12  init.o(.bss)
    Remote                                   0x20000228   Data          16  init.o(.bss)
    pidRateX                                 0x20000238   Data          52  init.o(.bss)
    pidRateY                                 0x2000026c   Data          52  init.o(.bss)
    pidRateZ                                 0x200002a0   Data          52  init.o(.bss)
    pidPitch                                 0x200002d4   Data          52  init.o(.bss)
    pidRoll                                  0x20000308   Data          52  init.o(.bss)
    pidYaw                                   0x2000033c   Data          52  init.o(.bss)
    MpuOffset                                0x20000370   Data          12  mpu6050.o(.bss)
    Hid_RxData                               0x20000388   Data          64  usb_hid.o(.bss)
    hid_datatemp                             0x200003c8   Data         256  usb_hid.o(.bss)
    RC_rxData                                0x200004c8   Data          32  remote.o(.bss)
    GyroIntegError                           0x20000538   Data          12  imu.o(.bss)
    Device_Info                              0x20000544   Data          28  usb_init.o(.bss)
    Transi_Buffer                            0x20000560   Data          64  usb_endp.o(.bss)
    __initial_sp                             0x200009a0   Data           0  startup_stm32f10x_md.o(STACK)



==============================================================================

Memory Map of the image

  Image Entry point : 0x080000ed

  Load Region LR_IROM1 (Base: 0x08000000, Size: 0x00005e80, Max: 0x00010000, ABSOLUTE, COMPRESSED[0x00005d50])

    Execution Region ER_IROM1 (Base: 0x08000000, Size: 0x00005c70, Max: 0x00010000, ABSOLUTE)

    Base Addr    Size         Type   Attr      Idx    E Section Name        Object

    0x08000000   0x000000ec   Data   RO          105    RESET               startup_stm32f10x_md.o
    0x080000ec   0x00000000   Code   RO         5076  * .ARM.Collect$$$$00000000  mc_w.l(entry.o)
    0x080000ec   0x00000004   Code   RO         5170    .ARM.Collect$$$$00000001  mc_w.l(entry2.o)
    0x080000f0   0x00000004   Code   RO         5173    .ARM.Collect$$$$00000004  mc_w.l(entry5.o)
    0x080000f4   0x00000000   Code   RO         5175    .ARM.Collect$$$$00000008  mc_w.l(entry7b.o)
    0x080000f4   0x00000000   Code   RO         5177    .ARM.Collect$$$$0000000A  mc_w.l(entry8b.o)
    0x080000f4   0x00000008   Code   RO         5178    .ARM.Collect$$$$0000000B  mc_w.l(entry9a.o)
    0x080000fc   0x00000000   Code   RO         5180    .ARM.Collect$$$$0000000D  mc_w.l(entry10a.o)
    0x080000fc   0x00000000   Code   RO         5182    .ARM.Collect$$$$0000000F  mc_w.l(entry11a.o)
    0x080000fc   0x00000004   Code   RO         5171    .ARM.Collect$$$$00002712  mc_w.l(entry2.o)
    0x08000100   0x00000024   Code   RO          106    .text               startup_stm32f10x_md.o
    0x08000124   0x00000024   Code   RO         5079    .text               mc_w.l(memcpya.o)
    0x08000148   0x000000b0   Code   RO         5085    .text               mf_w.l(fadd.o)
    0x080001f8   0x00000064   Code   RO         5087    .text               mf_w.l(fmul.o)
    0x0800025c   0x0000007c   Code   RO         5089    .text               mf_w.l(fdiv.o)
    0x080002d8   0x0000014e   Code   RO         5091    .text               mf_w.l(dadd.o)
    0x08000426   0x000000e4   Code   RO         5093    .text               mf_w.l(dmul.o)
    0x0800050a   0x00000012   Code   RO         5095    .text               mf_w.l(fflti.o)
    0x0800051c   0x0000000a   Code   RO         5097    .text               mf_w.l(ffltui.o)
    0x08000526   0x00000032   Code   RO         5099    .text               mf_w.l(ffixi.o)
    0x08000558   0x00000026   Code   RO         5101    .text               mf_w.l(f2d.o)
    0x0800057e   0x00000038   Code   RO         5103    .text               mf_w.l(d2f.o)
    0x080005b6   0x00000002   PAD
    0x080005b8   0x00000014   Code   RO         5105    .text               mf_w.l(cfcmple.o)
    0x080005cc   0x00000014   Code   RO         5107    .text               mf_w.l(cfrcmple.o)
    0x080005e0   0x0000001e   Code   RO         5184    .text               mc_w.l(llshl.o)
    0x080005fe   0x00000024   Code   RO         5186    .text               mc_w.l(llsshr.o)
    0x08000622   0x00000000   Code   RO         5195    .text               mc_w.l(iusefp.o)
    0x08000622   0x0000006e   Code   RO         5196    .text               mf_w.l(fepilogue.o)
    0x08000690   0x000000ba   Code   RO         5200    .text               mf_w.l(depilogue.o)
    0x0800074a   0x000000de   Code   RO         5202    .text               mf_w.l(ddiv.o)
    0x08000828   0x0000002e   Code   RO         5204    .text               mf_w.l(dscalb.o)
    0x08000856   0x00000002   PAD
    0x08000858   0x00000024   Code   RO         5206    .text               mc_w.l(init.o)
    0x0800087c   0x00000020   Code   RO         5208    .text               mc_w.l(llushr.o)
    0x0800089c   0x000000a2   Code   RO         5212    .text               mf_w.l(dsqrt.o)
    0x0800093e   0x00000056   Code   RO         5224    .text               mc_w.l(__dczerorl2.o)
    0x08000994   0x0000002a   Code   RO          337    i.ALL_Init          init.o
    0x080009be   0x00000002   PAD
    0x080009c0   0x000000dc   Code   RO         3915    i.ANO_Recive        ano_dt.o
    0x08000a9c   0x000002cc   Code   RO         3916    i.ANTO_Send         ano_dt.o
    0x08000d68   0x00000250   Code   RO         3917    i.ANTO_polling      ano_dt.o
    0x08000fb8   0x00000004   Code   RO          110    i.BusFault_Handler  stm32f10x_it.o
    0x08000fbc   0x0000000c   Code   RO         4408    i.ByteSwap          usb_regs.o
    0x08000fc8   0x00000328   Code   RO         4361    i.CTR_LP            usb_int.o
    0x080012f0   0x0000001e   Code   RO         4164    i.CascadePID        pid.o
    0x0800130e   0x00000002   PAD
    0x08001310   0x00000034   Code   RO         4409    i.ClearDTOG_RX      usb_regs.o
    0x08001344   0x00000034   Code   RO         4410    i.ClearDTOG_TX      usb_regs.o
    0x08001378   0x00000020   Code   RO         4415    i.Clear_Status_Out  usb_regs.o
    0x08001398   0x0000007c   Code   RO         4895    i.CustomHID_Data_Setup  usb_prop.o
    0x08001414   0x00000014   Code   RO         4896    i.CustomHID_GetConfigDescriptor  usb_prop.o
    0x08001428   0x00000014   Code   RO         4897    i.CustomHID_GetDeviceDescriptor  usb_prop.o
    0x0800143c   0x00000014   Code   RO         4898    i.CustomHID_GetHIDDescriptor  usb_prop.o
    0x08001450   0x0000001c   Code   RO         4899    i.CustomHID_GetProtocolValue  usb_prop.o
    0x0800146c   0x00000014   Code   RO         4900    i.CustomHID_GetReportDescriptor  usb_prop.o
    0x08001480   0x00000028   Code   RO         4901    i.CustomHID_GetStringDescriptor  usb_prop.o
    0x080014a8   0x00000016   Code   RO         4902    i.CustomHID_Get_Interface_Setting  usb_prop.o
    0x080014be   0x00000002   PAD
    0x080014c0   0x00000024   Code   RO         4903    i.CustomHID_NoData_Setup  usb_prop.o
    0x080014e4   0x000000c0   Code   RO         4904    i.CustomHID_Reset   usb_prop.o
    0x080015a4   0x00000018   Code   RO         4905    i.CustomHID_SetConfiguration  usb_prop.o
    0x080015bc   0x0000000c   Code   RO         4906    i.CustomHID_SetDeviceAddress  usb_prop.o
    0x080015c8   0x00000018   Code   RO         4907    i.CustomHID_SetProtocol  usb_prop.o
    0x080015e0   0x00000002   Code   RO         4908    i.CustomHID_Status_In  usb_prop.o
    0x080015e2   0x00000002   Code   RO         4909    i.CustomHID_Status_Out  usb_prop.o
    0x080015e4   0x00000044   Code   RO         4910    i.CustomHID_init    usb_prop.o
    0x08001628   0x000000c0   Code   RO         4191    i.DataStageIn       usb_core.o
    0x080016e8   0x000000bc   Code   RO         4192    i.DataStageOut      usb_core.o
    0x080017a4   0x00000298   Code   RO         4193    i.Data_Setup0       usb_core.o
    0x08001a3c   0x00000002   Code   RO          111    i.DebugMon_Handler  stm32f10x_it.o
    0x08001a3e   0x00000002   PAD
    0x08001a40   0x00000024   Code   RO         4850    i.EP1_OUT_Callback  usb_endp.o
    0x08001a64   0x00000018   Code   RO         4851    i.EP2_IN_Callback   usb_endp.o
    0x08001a7c   0x0000000c   Code   RO         4768    i.Enter_LowPowerMode  usb_config.o
    0x08001a88   0x00000030   Code   RO         3552    i.FLASH_read        flash.o
    0x08001ab8   0x00000190   Code   RO         3894    i.FlightPidControl  control.o
    0x08001c48   0x00000116   Code   RO         1544    i.GPIO_Init         stm32f10x_gpio.o
    0x08001d5e   0x00000002   PAD
    0x08001d60   0x00000090   Code   RO         1546    i.GPIO_PinRemapConfig  stm32f10x_gpio.o
    0x08001df0   0x00000004   Code   RO         1551    i.GPIO_ResetBits    stm32f10x_gpio.o
    0x08001df4   0x00000004   Code   RO         1552    i.GPIO_SetBits      stm32f10x_gpio.o
    0x08001df8   0x0000074c   Code   RO         4038    i.GetAngle          imu.o
    0x08002544   0x00000020   Code   RO         4427    i.GetEPRxAddr       usb_regs.o
    0x08002564   0x00000020   Code   RO         4430    i.GetEPTxAddr       usb_regs.o
    0x08002584   0x00000044   Code   RO          301    i.GetSysTime_us     delay.o
    0x080025c8   0x00000048   Code   RO         4769    i.Get_SerialNum     usb_config.o
    0x08002610   0x00000004   Code   RO          112    i.HardFault_Handler  stm32f10x_it.o
    0x08002614   0x000000cc   Code   RO         3369    i.I2c_Ack           iic_software.o
    0x080026e0   0x000000cc   Code   RO         3370    i.I2c_NoAck         iic_software.o
    0x080027ac   0x000000c0   Code   RO         3371    i.I2c_ReadByte      iic_software.o
    0x0800286c   0x000000c0   Code   RO         3372    i.I2c_SendByte      iic_software.o
    0x0800292c   0x00000094   Code   RO         3373    i.I2c_Start         iic_software.o
    0x080029c0   0x0000009c   Code   RO         3374    i.I2c_Stop          iic_software.o
    0x08002a5c   0x000000b4   Code   RO         3375    i.I2c_WaitAck       iic_software.o
    0x08002b10   0x0000002c   Code   RO         3376    i.IIC_Init          iic_software.o
    0x08002b3c   0x00000064   Code   RO         3377    i.IIC_Read_One_Byte  iic_software.o
    0x08002ba0   0x00000044   Code   RO         3379    i.IIC_Write_One_Byte  iic_software.o
    0x08002be4   0x00000080   Code   RO         3380    i.IIC_read_Bytes    iic_software.o
    0x08002c64   0x00000070   Code   RO         4194    i.In0_Process       usb_core.o
    0x08002cd4   0x0000004c   Code   RO         3576    i.LEDInit           led.o
    0x08002d20   0x00000020   Code   RO         4770    i.Leave_LowPowerMode  usb_config.o
    0x08002d40   0x00000004   Code   RO          113    i.MemManage_Handler  stm32f10x_it.o
    0x08002d44   0x000002b8   Code   RO         3895    i.MotorControl      control.o
    0x08002ffc   0x000000f0   Code   RO         3675    i.MpuGetData        mpu6050.o
    0x080030ec   0x00000084   Code   RO         3677    i.MpuInit           mpu6050.o
    0x08003170   0x00000002   Code   RO          114    i.NMI_Handler       stm32f10x_it.o
    0x08003172   0x00000002   Code   RO         4195    i.NOP_Process       usb_core.o
    0x08003174   0x0000004c   Code   RO         3600    i.NRF24L01_Check    nrf24l01.o
    0x080031c0   0x00000078   Code   RO         3601    i.NRF24L01_Configuration  nrf24l01.o
    0x08003238   0x00000040   Code   RO         3602    i.NRF24L01_Read_Buf  nrf24l01.o
    0x08003278   0x00000028   Code   RO         3603    i.NRF24L01_Read_Reg  nrf24l01.o
    0x080032a0   0x00000034   Code   RO         3604    i.NRF24L01_RxPacket  nrf24l01.o
    0x080032d4   0x00000040   Code   RO         3606    i.NRF24L01_Write_Buf  nrf24l01.o
    0x08003314   0x0000002c   Code   RO         3607    i.NRF24L01_Write_Reg  nrf24l01.o
    0x08003340   0x00000016   Code   RO         3608    i.NRF24L01_init     nrf24l01.o
    0x08003356   0x00000002   PAD
    0x08003358   0x00000070   Code   RO          375    i.NVIC_Init         misc.o
    0x080033c8   0x00000014   Code   RO          376    i.NVIC_PriorityGroupConfig  misc.o
    0x080033dc   0x00000144   Code   RO         4196    i.NoData_Setup0     usb_core.o
    0x08003520   0x00000050   Code   RO         4197    i.Out0_Process      usb_core.o
    0x08003570   0x00000028   Code   RO         4390    i.PMAToUserBufferCopy  usb_mem.o
    0x08003598   0x00000002   Code   RO          115    i.PendSV_Handler    stm32f10x_it.o
    0x0800359a   0x00000002   PAD
    0x0800359c   0x000000e4   Code   RO         3577    i.PilotLED          led.o
    0x08003680   0x00000048   Code   RO         4198    i.Post0_Process     usb_core.o
    0x080036c8   0x00000040   Code   RO         5009    i.PowerOn           usb_pwr.o
    0x08003708   0x00000050   Code   RO         4067    i.Q_rsqrt           mymath.o
    0x08003758   0x00000020   Code   RO         1966    i.RCC_APB1PeriphClockCmd  stm32f10x_rcc.o
    0x08003778   0x00000020   Code   RO         1968    i.RCC_APB2PeriphClockCmd  stm32f10x_rcc.o
    0x08003798   0x000000d4   Code   RO         1976    i.RCC_GetClocksFreq  stm32f10x_rcc.o
    0x0800386c   0x0000000c   Code   RO         1994    i.RCC_USBCLKConfig  stm32f10x_rcc.o
    0x08003878   0x000001b0   Code   RO         3858    i.RC_Analy          remote.o
    0x08003a28   0x00000054   Code   RO         3609    i.RX_Mode           nrf24l01.o
    0x08003a7c   0x000000b0   Code   RO         5010    i.Resume            usb_pwr.o
    0x08003b2c   0x00000024   Code   RO         5011    i.Resume_Init       usb_pwr.o
    0x08003b50   0x0000006c   Code   RO         3531    i.SPI_Config        spi.o
    0x08003bbc   0x00000064   Code   RO         3532    i.SPI_RW            spi.o
    0x08003c20   0x00000002   Code   RO          116    i.SVC_Handler       stm32f10x_it.o
    0x08003c22   0x00000002   PAD
    0x08003c24   0x00000010   Code   RO         4438    i.SetBTABLE         usb_regs.o
    0x08003c34   0x0000004c   Code   RO         4199    i.SetDeviceAddress  usb_core.o
    0x08003c80   0x00000024   Code   RO         4452    i.SetEPRxAddr       usb_regs.o
    0x08003ca4   0x0000004c   Code   RO         4453    i.SetEPRxCount      usb_regs.o
    0x08003cf0   0x00000038   Code   RO         4454    i.SetEPRxStatus     usb_regs.o
    0x08003d28   0x0000002c   Code   RO         4455    i.SetEPRxValid      usb_regs.o
    0x08003d54   0x00000020   Code   RO         4456    i.SetEPTxAddr       usb_regs.o
    0x08003d74   0x0000001c   Code   RO         4457    i.SetEPTxCount      usb_regs.o
    0x08003d90   0x00000038   Code   RO         4458    i.SetEPTxStatus     usb_regs.o
    0x08003dc8   0x0000002c   Code   RO         4459    i.SetEPTxValid      usb_regs.o
    0x08003df4   0x00000024   Code   RO         4460    i.SetEPType         usb_regs.o
    0x08003e18   0x00000008   Code   RO           17    i.SetSysClock       system_stm32f10x.o
    0x08003e20   0x000000e0   Code   RO           18    i.SetSysClockTo72   system_stm32f10x.o
    0x08003f00   0x00000012   Code   RO         4771    i.Set_USBClock      usb_config.o
    0x08003f12   0x00000002   PAD
    0x08003f14   0x000000b0   Code   RO         4200    i.Setup0_Process    usb_core.o
    0x08003fc4   0x0000015c   Code   RO         4201    i.Standard_ClearFeature  usb_core.o
    0x08004120   0x0000002c   Code   RO         4202    i.Standard_GetConfiguration  usb_core.o
    0x0800414c   0x00000024   Code   RO         4203    i.Standard_GetDescriptorData  usb_core.o
    0x08004170   0x0000002c   Code   RO         4204    i.Standard_GetInterface  usb_core.o
    0x0800419c   0x000000f0   Code   RO         4205    i.Standard_GetStatus  usb_core.o
    0x0800428c   0x00000048   Code   RO         4206    i.Standard_SetConfiguration  usb_core.o
    0x080042d4   0x00000028   Code   RO         4207    i.Standard_SetDeviceFeature  usb_core.o
    0x080042fc   0x000000c0   Code   RO         4208    i.Standard_SetEndPointFeature  usb_core.o
    0x080043bc   0x0000006c   Code   RO         4209    i.Standard_SetInterface  usb_core.o
    0x08004428   0x00000028   Code   RO         5012    i.Suspend           usb_pwr.o
    0x08004450   0x00000010   Code   RO          117    i.SysTick_Handler   stm32f10x_it.o
    0x08004460   0x00000060   Code   RO           20    i.SystemInit        system_stm32f10x.o
    0x080044c0   0x000000c8   Code   RO         3479    i.TIM2_PWM_Config   tim.o
    0x08004588   0x00000064   Code   RO         3480    i.TIM3_Config       tim.o
    0x080045ec   0x0000008c   Code   RO          362    i.TIM3_IRQHandler   scheduler.o
    0x08004678   0x00000018   Code   RO         2591    i.TIM_ARRPreloadConfig  stm32f10x_tim.o
    0x08004690   0x00000006   Code   RO         2598    i.TIM_ClearITPendingBit  stm32f10x_tim.o
    0x08004696   0x00000018   Code   RO         2603    i.TIM_Cmd           stm32f10x_tim.o
    0x080046ae   0x00000022   Code   RO         2624    i.TIM_GetITStatus   stm32f10x_tim.o
    0x080046d0   0x00000012   Code   RO         2628    i.TIM_ITConfig      stm32f10x_tim.o
    0x080046e2   0x00000002   PAD
    0x080046e4   0x00000098   Code   RO         2632    i.TIM_OC1Init       stm32f10x_tim.o
    0x0800477c   0x00000012   Code   RO         2635    i.TIM_OC1PreloadConfig  stm32f10x_tim.o
    0x0800478e   0x00000002   PAD
    0x08004790   0x000000a4   Code   RO         2637    i.TIM_OC2Init       stm32f10x_tim.o
    0x08004834   0x0000001a   Code   RO         2640    i.TIM_OC2PreloadConfig  stm32f10x_tim.o
    0x0800484e   0x00000002   PAD
    0x08004850   0x000000a0   Code   RO         2642    i.TIM_OC3Init       stm32f10x_tim.o
    0x080048f0   0x00000012   Code   RO         2645    i.TIM_OC3PreloadConfig  stm32f10x_tim.o
    0x08004902   0x00000002   PAD
    0x08004904   0x0000007c   Code   RO         2647    i.TIM_OC4Init       stm32f10x_tim.o
    0x08004980   0x0000001a   Code   RO         2649    i.TIM_OC4PreloadConfig  stm32f10x_tim.o
    0x0800499a   0x00000002   PAD
    0x0800499c   0x000000a4   Code   RO         2674    i.TIM_TimeBaseInit  stm32f10x_tim.o
    0x08004a40   0x00000030   Code   RO         3444    i.USART1_SendByte   usart.o
    0x08004a70   0x00000104   Code   RO         3918    i.USART3_IRQHandler  ano_dt.o
    0x08004b74   0x00000008   Code   RO         3156    i.USART_SendData    stm32f10x_usart.o
    0x08004b7c   0x00000002   Code   RO         4772    i.USB_Cable_Config  usb_config.o
    0x08004b7e   0x00000002   PAD
    0x08004b80   0x00000058   Code   RO         4773    i.USB_Connect       usb_config.o
    0x08004bd8   0x0000002c   Code   RO         3790    i.USB_HID_Init      usb_hid.o
    0x08004c04   0x0000003c   Code   RO         4337    i.USB_Init          usb_init.o
    0x08004c40   0x00000022   Code   RO         4775    i.USB_Interrupts_Config  usb_config.o
    0x08004c62   0x00000002   PAD
    0x08004c64   0x000000f8   Code   RO         4874    i.USB_Istr          usb_istr.o
    0x08004d5c   0x00000008   Code   RO          118    i.USB_LP_CAN1_RX0_IRQHandler  stm32f10x_it.o
    0x08004d64   0x00000004   Code   RO          119    i.UsageFault_Handler  stm32f10x_it.o
    0x08004d68   0x0000002c   Code   RO         3791    i.Usb_Hid_Adddata   usb_hid.o
    0x08004d94   0x000001d0   Code   RO         3793    i.Usb_Hid_Send      usb_hid.o
    0x08004f64   0x00000038   Code   RO         4391    i.UserToPMABufferCopy  usb_mem.o
    0x08004f9c   0x00000028   Code   RO         5133    i.__ARM_fpclassify  m_ws.l(fpclassify.o)
    0x08004fc4   0x000000aa   Code   RO         5151    i.__kernel_poly     m_ws.l(poly.o)
    0x0800506e   0x00000006   Code   RO         5120    i.__mathlib_dbl_infnan  m_ws.l(dunder.o)
    0x08005074   0x00000004   Code   RO         5121    i.__mathlib_dbl_infnan2  m_ws.l(dunder.o)
    0x08005078   0x0000000c   Code   RO         5122    i.__mathlib_dbl_invalid  m_ws.l(dunder.o)
    0x08005084   0x00000010   Code   RO         5125    i.__mathlib_dbl_underflow  m_ws.l(dunder.o)
    0x08005094   0x0000000e   Code   RO         5218    i.__scatterload_copy  mc_w.l(handlers.o)
    0x080050a2   0x00000002   Code   RO         5219    i.__scatterload_null  mc_w.l(handlers.o)
    0x080050a4   0x0000000e   Code   RO         5220    i.__scatterload_zeroinit  mc_w.l(handlers.o)
    0x080050b2   0x00000002   PAD
    0x080050b4   0x0000000c   Code   RO         5190    i.__set_errno       mc_w.l(errno.o)
    0x080050c0   0x00000270   Code   RO         5051    i.asin              m_ws.l(asin.o)
    0x08005330   0x00000220   Code   RO         5110    i.atan              m_ws.l(atan.o)
    0x08005550   0x00000180   Code   RO         5069    i.atan2             m_ws.l(atan2.o)
    0x080056d0   0x00000024   Code   RO          302    i.cycleCounterInit  delay.o
    0x080056f4   0x00000022   Code   RO          303    i.delay_ms          delay.o
    0x08005716   0x00000002   PAD
    0x08005718   0x0000002c   Code   RO         4039    i.imu_rest          imu.o
    0x08005744   0x00000058   Code   RO         4023    i.kalman_1          kalman.o
    0x0800579c   0x00000078   Code   RO          193    i.main              main.o
    0x08005814   0x0000002c   Code   RO         4165    i.pidRest           pid.o
    0x08005840   0x00000072   Code   RO         4166    i.pidUpdate         pid.o
    0x080058b2   0x00000002   PAD
    0x080058b4   0x00000074   Code   RO          338    i.pid_param_Init    init.o
    0x08005928   0x00000140   Code   RO         3859    i.remote_unlock     remote.o
    0x08005a68   0x0000004c   Code   RO         5155    i.sqrt              m_ws.l(sqrt.o)
    0x08005ab4   0x0000000a   Data   RO         3610    .constdata          nrf24l01.o
    0x08005abe   0x00000002   PAD
    0x08005ac0   0x00000018   Data   RO         4080    .constdata          mymath.o
    0x08005ad8   0x00000086   Data   RO         4837    .constdata          usb_desc.o
    0x08005b5e   0x00000002   PAD
    0x08005b60   0x00000050   Data   RO         5052    .constdata          m_ws.l(asin.o)
    0x08005bb0   0x00000098   Data   RO         5111    .constdata          m_ws.l(atan.o)
    0x08005c48   0x00000008   Data   RO         5153    .constdata          m_ws.l(qnan.o)
    0x08005c50   0x00000020   Data   RO         5216    Region$$Table       anon$$obj.o


    Execution Region RW_IRAM1 (Base: 0x20000000, Size: 0x000009a0, Max: 0x00005000, ABSOLUTE, COMPRESSED[0x000000e0])

    Base Addr    Size         Type   Attr      Idx    E Section Name        Object

    0x20000000   0x00000014   Data   RW           21    .data               system_stm32f10x.o
    0x20000014   0x00000004   Data   RW          305    .data               delay.o
    0x20000018   0x00000005   Data   RW          340    .data               init.o
    0x2000001d   0x00000002   Data   RW          363    .data               scheduler.o
    0x2000001f   0x00000014   Data   RW         1996    .data               stm32f10x_rcc.o
    0x20000033   0x00000001   PAD
    0x20000034   0x0000000e   Data   RW         3554    .data               flash.o
    0x20000042   0x00000002   PAD
    0x20000044   0x00000008   Data   RW         3578    .data               led.o
    0x2000004c   0x0000004c   Data   RW         3680    .data               mpu6050.o
    0x20000098   0x00000005   Data   RW         3795    .data               usb_hid.o
    0x2000009d   0x00000001   PAD
    0x2000009e   0x00000007   Data   RW         3861    .data               remote.o
    0x200000a5   0x00000003   PAD
    0x200000a8   0x00000024   Data   RW         3896    .data               control.o
    0x200000cc   0x0000000a   Data   RW         3920    .data               ano_dt.o
    0x200000d6   0x00000002   PAD
    0x200000d8   0x0000001c   Data   RW         4041    .data               imu.o
    0x200000f4   0x00000003   Data   RW         4210    .data               usb_core.o
    0x200000f7   0x00000001   PAD
    0x200000f8   0x00000014   Data   RW         4339    .data               usb_init.o
    0x2000010c   0x00000004   Data   RW         4362    .data               usb_int.o
    0x20000110   0x0000001a   Data   RW         4838    .data               usb_desc.o
    0x2000012a   0x00000002   PAD
    0x2000012c   0x0000003c   Data   RW         4875    .data               usb_istr.o
    0x20000168   0x0000009c   Data   RW         4911    .data               usb_prop.o
    0x20000204   0x00000007   Data   RW         5013    .data               usb_pwr.o
    0x2000020b   0x00000001   PAD
    0x2000020c   0x00000004   Data   RW         5191    .data               mc_w.l(errno.o)
    0x20000210   0x00000160   Zero   RW          339    .bss                init.o
    0x20000370   0x00000018   Zero   RW         3679    .bss                mpu6050.o
    0x20000388   0x00000140   Zero   RW         3794    .bss                usb_hid.o
    0x200004c8   0x00000020   Zero   RW         3860    .bss                remote.o
    0x200004e8   0x0000004f   Zero   RW         3919    .bss                ano_dt.o
    0x20000537   0x00000001   PAD
    0x20000538   0x0000000c   Zero   RW         4040    .bss                imu.o
    0x20000544   0x0000001c   Zero   RW         4338    .bss                usb_init.o
    0x20000560   0x00000040   Zero   RW         4852    .bss                usb_endp.o
    0x200005a0   0x00000400   Zero   RW          103    STACK               startup_stm32f10x_md.o


==============================================================================

Image component sizes


      Code (inc. data)   RO Data    RW Data    ZI Data      Debug   Object Name

      1788        154          0         10         79       4548   ano_dt.o
      1096        100          0         36          0       2261   control.o
         0          0          0          0          0       4528   core_cm3.o
       138         20          0          4          0       1874   delay.o
        48          8          0         14          0       1187   flash.o
      1616         38          0          0          0       7389   iic_software.o
      1912         62          0         28         12       2040   imu.o
       158         44          0          5        352       2709   init.o
        88          0          0          0          0       1111   kalman.o
       304         34          0          8          0       2715   led.o
       120         12          0          0          0     219018   main.o
       132         22          0          0          0       1347   misc.o
       372         22          0         76         24       4196   mpu6050.o
        80          6         24          0          0        885   mymath.o
       566         48         10          0          0       5986   nrf24l01.o
       188          0          0          0          0       1839   pid.o
       752         62          0          7         32       2083   remote.o
       140         32          0          2          0        530   scheduler.o
       208         10          0          0          0       1026   spi.o
        36          8        236          0       1024        764   startup_stm32f10x_md.o
       430          6          0          0          0       3554   stm32f10x_gpio.o
        48          4          0          0          0       4091   stm32f10x_it.o
       288         38          0         20          0       4613   stm32f10x_rcc.o
       958         92          0          0          0       8425   stm32f10x_tim.o
         8          0          0          0          0       1837   stm32f10x_usart.o
       328         28          0         20          0      51661   system_stm32f10x.o
       300         12          0          0          0       1136   tim.o
        48          4          0          0          0        870   usart.o
       258         34          0          0          0       3750   usb_config.o
      3010        288          0          3          0      15931   usb_core.o
         0          0        134         26          0        984   usb_desc.o
        60         12          0          0         64       1421   usb_endp.o
       552         40          0          5        320       5254   usb_hid.o
        60         24          0         20         28       3854   usb_init.o
       808         34          0          4          0       1573   usb_int.o
       248         26          0         60          0       1212   usb_istr.o
        96         10          0          0          0       1572   usb_mem.o
       654        116          0        156          0      11693   usb_prop.o
       316         38          0          7          0       3186   usb_pwr.o
       636         96          0          0          0       8188   usb_regs.o

    ----------------------------------------------------------------------
     18884       1584        440        524       1936     402841   Object Totals
         0          0         32          0          0          0   (incl. Generated)
        36          0          4         13          1          0   (incl. Padding)

    ----------------------------------------------------------------------

      Code (inc. data)   RO Data    RW Data    ZI Data      Debug   Library Member Name

       624         52         80          0          0        168   asin.o
       544         70        152          0          0        124   atan.o
       384         38          0          0          0        144   atan2.o
        38          6          0          0          0        272   dunder.o
        40          0          0          0          0         68   fpclassify.o
       170          0          0          0          0         96   poly.o
         0          0          8          0          0          0   qnan.o
        76          0          0          0          0         84   sqrt.o
        86          0          0          0          0          0   __dczerorl2.o
         0          0          0          0          0          0   entry.o
         0          0          0          0          0          0   entry10a.o
         0          0          0          0          0          0   entry11a.o
         8          4          0          0          0          0   entry2.o
         4          0          0          0          0          0   entry5.o
         0          0          0          0          0          0   entry7b.o
         0          0          0          0          0          0   entry8b.o
         8          4          0          0          0          0   entry9a.o
        12          6          0          4          0         68   errno.o
        30          0          0          0          0          0   handlers.o
        36          8          0          0          0         68   init.o
         0          0          0          0          0          0   iusefp.o
        30          0          0          0          0         68   llshl.o
        36          0          0          0          0         68   llsshr.o
        32          0          0          0          0         68   llushr.o
        36          0          0          0          0         68   memcpya.o
        20          0          0          0          0         68   cfcmple.o
        20          0          0          0          0         68   cfrcmple.o
        56          0          0          0          0         88   d2f.o
       334          0          0          0          0        148   dadd.o
       222          0          0          0          0        100   ddiv.o
       186          0          0          0          0        176   depilogue.o
       228          0          0          0          0         96   dmul.o
        46          0          0          0          0         80   dscalb.o
       162          0          0          0          0        100   dsqrt.o
        38          0          0          0          0         68   f2d.o
       176          0          0          0          0        140   fadd.o
       124          0          0          0          0         88   fdiv.o
       110          0          0          0          0        168   fepilogue.o
        50          0          0          0          0         68   ffixi.o
        18          0          0          0          0         68   fflti.o
        10          0          0          0          0         68   ffltui.o
       100          0          0          0          0         76   fmul.o

    ----------------------------------------------------------------------
      4100        188        240          4          0       3032   Library Totals
         6          0          0          0          0          0   (incl. Padding)

    ----------------------------------------------------------------------

      Code (inc. data)   RO Data    RW Data    ZI Data      Debug   Library Name

      1876        166        240          0          0        956   m_ws.l
       318         22          0          4          0        408   mc_w.l
      1900          0          0          0          0       1668   mf_w.l

    ----------------------------------------------------------------------
      4100        188        240          4          0       3032   Library Totals

    ----------------------------------------------------------------------

==============================================================================


      Code (inc. data)   RO Data    RW Data    ZI Data      Debug   

     22984       1772        680        528       1936     396329   Grand Totals
     22984       1772        680        224       1936     396329   ELF Image Totals (compressed)
     22984       1772        680        224          0          0   ROM Totals

==============================================================================

    Total RO  Size (Code + RO Data)                23664 (  23.11kB)
    Total RW  Size (RW Data + ZI Data)              2464 (   2.41kB)
    Total ROM Size (Code + RO Data + RW Data)      23888 (  23.33kB)

==============================================================================

